

================================================================
== Synthesis Summary Report of 'forward'
================================================================
+ General Information: 
    * Date:           Thu Jan  6 20:40:06 2022
    * Version:        2021.2 (Build 3367213 on Tue Oct 19 02:47:39 MDT 2021)
    * Project:        proj
    * Solution:       solution1 (Vivado IP Flow Target)
    * Product family: virtexuplus
    * Target device:  xcvu35p-fsvh2104-3-e
    

+ Performance & Resource Estimates: 
    
    PS: '+' for module; 'o' for loop; '*' for dataflow
    +-------------------------+--------+-------+----------+-----------+----------+----------+-------+----------+------+----------+-------------+------------+-----+
    |         Modules         |  Issue |       | Latency  |  Latency  | Iteration|          |  Trip |          |      |          |             |            |     |
    |         & Loops         |  Type  | Slack | (cycles) |    (ns)   |  Latency | Interval | Count | Pipelined| BRAM |    DSP   |      FF     |     LUT    | URAM|
    +-------------------------+--------+-------+----------+-----------+----------+----------+-------+----------+------+----------+-------------+------------+-----+
    |+ forward                |  Timing|  -0.74|  17698970|  2.598e+07|         -|  17698971|      -|        no|     -|  16 (~0%)|  10505 (~0%)|  25732 (2%)|    -|
    | + forward_Pipeline_1    |       -|   0.04|      5186|  7.613e+03|         -|      5186|      -|        no|     -|         -|     29 (~0%)|    75 (~0%)|    -|
    |  o Loop 1               |       -|   0.73|      5184|  7.610e+03|         2|         1|   5184|       yes|     -|         -|            -|           -|    -|
    | + forward_Pipeline_3    |       -|   0.05|      2594|  3.808e+03|         -|      2594|      -|        no|     -|         -|     27 (~0%)|    74 (~0%)|    -|
    |  o Loop 1               |       -|   0.73|      2592|  3.805e+03|         2|         1|   2592|       yes|     -|         -|            -|           -|    -|
    | + forward_Pipeline_5    |       -|   0.05|      2594|  3.808e+03|         -|      2594|      -|        no|     -|         -|     27 (~0%)|    74 (~0%)|    -|
    |  o Loop 1               |       -|   0.73|      2592|  3.805e+03|         2|         1|   2592|       yes|     -|         -|            -|           -|    -|
    | + forward_Pipeline_7    |       -|   0.05|      2594|  3.808e+03|         -|      2594|      -|        no|     -|         -|     27 (~0%)|    74 (~0%)|    -|
    |  o Loop 1               |       -|   0.73|      2592|  3.805e+03|         2|         1|   2592|       yes|     -|         -|            -|           -|    -|
    | + forward_Pipeline_12   |       -|   0.08|        34|     49.912|         -|        34|      -|        no|     -|         -|     15 (~0%)|    66 (~0%)|    -|
    |  o Loop 1               |       -|   0.73|        32|     46.976|         2|         1|     32|       yes|     -|         -|            -|           -|    -|
    | + forward_Pipeline_2    |  Timing|  -0.74|    606530|  8.904e+05|         -|    606530|      -|        no|     -|         -|    211 (~0%)|   712 (~0%)|    -|
    |  o Loop 1               |      II|   0.73|    606528|  8.904e+05|       118|       117|   5184|       yes|     -|         -|            -|           -|    -|
    | + forward_Pipeline_4    |  Timing|  -0.74|   2159137|  3.170e+06|         -|   2159137|      -|        no|     -|         -|    922 (~0%)|  2756 (~0%)|    -|
    |  o Loop 1               |       -|   0.73|   2159136|  3.170e+06|       833|         -|   2592|        no|     -|         -|            -|           -|    -|
    | + forward_Pipeline_6    |  Timing|  -0.74|   2159137|  3.170e+06|         -|   2159137|      -|        no|     -|   2 (~0%)|   1325 (~0%)|  2947 (~0%)|    -|
    |  o Loop 1               |       -|   0.73|   2159136|  3.170e+06|       833|         -|   2592|        no|     -|         -|            -|           -|    -|
    | + forward_Pipeline_8    |  Timing|  -0.74|   2159137|  3.170e+06|         -|   2159137|      -|        no|     -|   2 (~0%)|   1325 (~0%)|  2947 (~0%)|    -|
    |  o Loop 1               |       -|   0.73|   2159136|  3.170e+06|       833|         -|   2592|        no|     -|         -|            -|           -|    -|
    | + forward_Pipeline_9    |       -|   0.05|      2594|  3.808e+03|         -|      2594|      -|        no|     -|         -|     27 (~0%)|    74 (~0%)|    -|
    |  o Loop 1               |       -|   0.73|      2592|  3.805e+03|         2|         1|   2592|       yes|     -|         -|            -|           -|    -|
    | + forward_Pipeline_10   |  Timing|  -0.74|      2623|  3.851e+03|         -|      2623|      -|        no|     -|   7 (~0%)|    911 (~0%)|   781 (~0%)|    -|
    |  o Loop 1               |       -|   0.73|      2621|  3.848e+03|        31|         1|   2592|       yes|     -|         -|            -|           -|    -|
    | + forward_Pipeline_11   |       -|   0.05|      2594|  3.808e+03|         -|      2594|      -|        no|     -|         -|     27 (~0%)|    74 (~0%)|    -|
    |  o Loop 1               |       -|   0.73|      2592|  3.805e+03|         2|         1|   2592|       yes|     -|         -|            -|           -|    -|
    | + forward_Pipeline_14   |       -|   0.05|      2594|  3.808e+03|         -|      2594|      -|        no|     -|         -|     27 (~0%)|    74 (~0%)|    -|
    |  o Loop 1               |       -|   0.73|      2592|  3.805e+03|         2|         1|   2592|       yes|     -|         -|            -|           -|    -|
    | + forward_Pipeline_15   |       -|   0.05|      2594|  3.808e+03|         -|      2594|      -|        no|     -|         -|     27 (~0%)|    74 (~0%)|    -|
    |  o Loop 1               |       -|   0.73|      2592|  3.805e+03|         2|         1|   2592|       yes|     -|         -|            -|           -|    -|
    | + forward_Pipeline_16   |       -|   0.04|      5186|  7.613e+03|         -|      5186|      -|        no|     -|         -|     29 (~0%)|    75 (~0%)|    -|
    |  o Loop 1               |       -|   0.73|      5184|  7.610e+03|         2|         1|   5184|       yes|     -|         -|            -|           -|    -|
    | + forward_Pipeline_20   |       -|   0.05|      1570|  2.305e+03|         -|      1570|      -|        no|     -|         -|     25 (~0%)|    72 (~0%)|    -|
    |  o Loop 1               |       -|   0.73|      1568|  2.302e+03|         2|         1|   1568|       yes|     -|         -|            -|           -|    -|
    | + forward_Pipeline_17   |  Timing|  -0.74|   2161729|  3.173e+06|         -|   2161729|      -|        no|     -|         -|    508 (~0%)|  2273 (~0%)|    -|
    |  o Loop 1               |       -|   0.73|   2161728|  3.173e+06|       417|         -|   5184|        no|     -|         -|            -|           -|    -|
    | + forward_Pipeline_18   |       -|   0.04|      5186|  7.613e+03|         -|      5186|      -|        no|     -|         -|     29 (~0%)|    75 (~0%)|    -|
    |  o Loop 1               |       -|   0.73|      5184|  7.610e+03|         2|         1|   5184|       yes|     -|         -|            -|           -|    -|
    | + forward_Pipeline_19   |       -|   0.04|      5186|  7.613e+03|         -|      5186|      -|        no|     -|         -|     29 (~0%)|    75 (~0%)|    -|
    |  o Loop 1               |       -|   0.73|      5184|  7.610e+03|         2|         1|   5184|       yes|     -|         -|            -|           -|    -|
    | + forward_Pipeline_22   |       -|   0.05|      1570|  2.305e+03|         -|      1570|      -|        no|     -|         -|     25 (~0%)|    72 (~0%)|    -|
    |  o Loop 1               |       -|   0.73|      1568|  2.302e+03|         2|         1|   1568|       yes|     -|         -|            -|           -|    -|
    | + forward_Pipeline_23   |       -|   0.08|       202|    296.536|         -|       202|      -|        no|     -|         -|     19 (~0%)|    69 (~0%)|    -|
    |  o Loop 1               |       -|   0.73|       200|    293.600|         2|         1|    200|       yes|     -|         -|            -|           -|    -|
    | + forward_Pipeline_25   |       -|   0.08|       202|    296.536|         -|       202|      -|        no|     -|         -|     19 (~0%)|    69 (~0%)|    -|
    |  o Loop 1               |       -|   0.73|       200|    293.600|         2|         1|    200|       yes|     -|         -|            -|           -|    -|
    | + forward_Pipeline_26   |       -|   0.08|        66|     96.888|         -|        66|      -|        no|     -|         -|     17 (~0%)|    68 (~0%)|    -|
    |  o Loop 1               |       -|   0.73|        64|     93.952|         2|         1|     64|       yes|     -|         -|            -|           -|    -|
    | + forward_Pipeline_27   |       -|   0.03|     12802|  1.879e+04|         -|     12802|      -|        no|     -|         -|     31 (~0%)|    76 (~0%)|    -|
    |  o Loop 1               |       -|   0.73|     12800|  1.879e+04|         2|         1|  12800|       yes|     -|         -|            -|           -|    -|
    | + forward_Pipeline_30   |       -|   0.08|        34|     49.912|         -|        34|      -|        no|     -|         -|     15 (~0%)|    66 (~0%)|    -|
    |  o Loop 1               |       -|   0.73|        32|     46.976|         2|         1|     32|       yes|     -|         -|            -|           -|    -|
    | + forward_Pipeline_31   |       -|   0.05|      2050|  3.009e+03|         -|      2050|      -|        no|     -|         -|     27 (~0%)|    74 (~0%)|    -|
    |  o Loop 1               |       -|   0.73|      2048|  3.006e+03|         2|         1|   2048|       yes|     -|         -|            -|           -|    -|
    | + forward_Pipeline_34   |       -|   0.08|        18|     26.424|         -|        18|      -|        no|     -|         -|     13 (~0%)|    65 (~0%)|    -|
    |  o Loop 1               |       -|   0.73|        16|     23.488|         2|         1|     16|       yes|     -|         -|            -|           -|    -|
    | + forward_Pipeline_35   |       -|   0.06|       514|    754.552|         -|       514|      -|        no|     -|         -|     23 (~0%)|    71 (~0%)|    -|
    |  o Loop 1               |       -|   0.73|       512|    751.616|         2|         1|    512|       yes|     -|         -|            -|           -|    -|
    | + forward_Pipeline_38   |       -|   0.08|        10|     14.680|         -|        10|      -|        no|     -|         -|     11 (~0%)|    64 (~0%)|    -|
    |  o Loop 1               |       -|   0.73|         8|     11.744|         2|         1|      8|       yes|     -|         -|            -|           -|    -|
    | + forward_Pipeline_39   |       -|   0.08|       130|    190.840|         -|       130|      -|        no|     -|         -|     19 (~0%)|    69 (~0%)|    -|
    |  o Loop 1               |       -|   0.73|       128|    187.904|         2|         1|    128|       yes|     -|         -|            -|           -|    -|
    | + forward_Pipeline_42   |       -|   0.33|         4|      5.872|         -|         4|      -|        no|     -|         -|      7 (~0%)|    60 (~0%)|    -|
    |  o Loop 1               |       -|   0.73|         2|      2.936|         2|         1|      2|       yes|     -|         -|            -|           -|    -|
    | + forward_Pipeline_43   |       -|   0.08|        18|     26.424|         -|        18|      -|        no|     -|         -|     13 (~0%)|    65 (~0%)|    -|
    |  o Loop 1               |       -|   0.73|        16|     23.488|         2|         1|     16|       yes|     -|         -|            -|           -|    -|
    | + forward_Pipeline_28   |  Timing|  -0.74|    166402|  2.443e+05|         -|    166402|      -|        no|     -|         -|    135 (~0%)|   217 (~0%)|    -|
    |  o Loop 1               |      II|   0.73|    166400|  2.443e+05|        14|        13|  12800|       yes|     -|         -|            -|           -|    -|
    | + forward_Pipeline_29   |       -|   0.08|        66|     96.888|         -|        66|      -|        no|     -|         -|     17 (~0%)|    68 (~0%)|    -|
    |  o Loop 1               |       -|   0.73|        64|     93.952|         2|         1|     64|       yes|     -|         -|            -|           -|    -|
    | + forward_Pipeline_32   |  Timing|  -0.74|     26657|  3.913e+04|         -|     26657|      -|        no|     -|         -|    910 (~0%)|  2748 (~0%)|    -|
    |  o Loop 1               |       -|   0.73|     26656|  3.913e+04|       833|         -|     32|        no|     -|         -|            -|           -|    -|
    | + forward_Pipeline_33   |       -|   0.08|        34|     49.912|         -|        34|      -|        no|     -|         -|     15 (~0%)|    66 (~0%)|    -|
    |  o Loop 1               |       -|   0.73|        32|     46.976|         2|         1|     32|       yes|     -|         -|            -|           -|    -|
    | + forward_Pipeline_36   |  Timing|  -0.74|      6673|  9.796e+03|         -|      6673|      -|        no|     -|         -|    492 (~0%)|  2263 (~0%)|    -|
    |  o Loop 1               |       -|   0.73|      6672|  9.794e+03|       417|         -|     16|        no|     -|         -|            -|           -|    -|
    | + forward_Pipeline_37   |       -|   0.08|        18|     26.424|         -|        18|      -|        no|     -|         -|     13 (~0%)|    65 (~0%)|    -|
    |  o Loop 1               |       -|   0.73|        16|     23.488|         2|         1|     16|       yes|     -|         -|            -|           -|    -|
    | + forward_Pipeline_40   |  Timing|  -0.74|      1666|  2.446e+03|         -|      1666|      -|        no|     -|         -|    284 (~0%)|  1209 (~0%)|    -|
    |  o Loop 1               |      II|   0.73|      1664|  2.443e+03|       209|       208|      8|       yes|     -|         -|            -|           -|    -|
    | + forward_Pipeline_41   |       -|   0.08|        10|     14.680|         -|        10|      -|        no|     -|         -|     11 (~0%)|    64 (~0%)|    -|
    |  o Loop 1               |       -|   0.73|         8|     11.744|         2|         1|      8|       yes|     -|         -|            -|           -|    -|
    | + forward_Pipeline_44   |  Timing|  -0.74|       210|    308.280|         -|       210|      -|        no|     -|         -|    176 (~0%)|   618 (~0%)|    -|
    |  o Loop 1               |      II|   0.73|       208|    305.344|       105|       104|      2|       yes|     -|         -|            -|           -|    -|
    | o Loop 1                |       -|   0.73|     33888|  4.975e+04|      1059|         -|     32|        no|     -|         -|            -|           -|    -|
    |  + forward_Pipeline_13  |  Timing|  -0.74|      1055|  1.549e+03|         -|      1055|      -|        no|     -|         -|     95 (~0%)|   154 (~0%)|    -|
    |   o Loop 1              |      II|   0.73|      1053|  1.546e+03|        14|        13|     81|       yes|     -|         -|            -|           -|    -|
    | o Loop 2                |       -|   0.73|  11750592|  1.725e+07|      7494|         -|   1568|        no|     -|         -|            -|           -|    -|
    |  + forward_Pipeline_21  |  Timing|  -0.74|      7490|  1.100e+04|         -|      7490|      -|        no|     -|         -|    101 (~0%)|   158 (~0%)|    -|
    |   o Loop 1              |      II|   0.73|      7488|  1.099e+04|        14|        13|    576|       yes|     -|         -|            -|           -|    -|
    | o Loop 3                |       -|   0.73|    750000|  1.101e+06|      3750|         -|    200|        no|     -|         -|            -|           -|    -|
    |  + forward_Pipeline_24  |  Timing|  -0.74|      3746|  5.499e+03|         -|      3746|      -|        no|     -|         -|     99 (~0%)|   157 (~0%)|    -|
    |   o Loop 1              |      II|   0.73|      3744|  5.496e+03|        14|        13|    288|       yes|     -|         -|            -|           -|    -|
    +-------------------------+--------+-------+----------+-----------+----------+----------+-------+----------+------+----------+-------------+------------+-----+


================================================================
== HW Interfaces
================================================================
* REGISTER
+-----------+---------+----------+
| Interface | Mode    | Bitwidth |
+-----------+---------+----------+
| arg_10    | ap_none | 32       |
| arg_11    | ap_none | 32       |
| arg_12    | ap_none | 32       |
| arg_13    | ap_none | 32       |
| arg_14    | ap_none | 32       |
| arg_15    | ap_none | 32       |
| arg_16    | ap_none | 32       |
| arg_17    | ap_none | 32       |
| arg_18    | ap_none | 32       |
| arg_19    | ap_none | 32       |
| arg_2     | ap_none | 32       |
| arg_20    | ap_none | 32       |
| arg_21    | ap_none | 32       |
| arg_22    | ap_none | 32       |
| arg_23    | ap_none | 32       |
| arg_24    | ap_none | 32       |
| arg_25    | ap_none | 32       |
| arg_26    | ap_none | 32       |
| arg_27    | ap_none | 32       |
| arg_28    | ap_none | 32       |
| arg_29    | ap_none | 32       |
| arg_3     | ap_none | 32       |
| arg_30    | ap_none | 32       |
| arg_31    | ap_none | 32       |
| arg_32    | ap_none | 32       |
| arg_33    | ap_none | 32       |
| arg_4     | ap_none | 32       |
| arg_5     | ap_none | 32       |
| arg_6     | ap_none | 32       |
| arg_7     | ap_none | 32       |
| arg_8     | ap_none | 32       |
| arg_9     | ap_none | 32       |
+-----------+---------+----------+

* TOP LEVEL CONTROL
+-----------+------------+-----------------------------------+
| Interface | Type       | Ports                             |
+-----------+------------+-----------------------------------+
| ap_clk    | clock      | ap_clk                            |
| ap_rst    | reset      | ap_rst                            |
| ap_ctrl   | ap_ctrl_hs | ap_done ap_idle ap_ready ap_start |
+-----------+------------+-----------------------------------+


================================================================
== SW I/O Information
================================================================
* Top Function Arguments
+----------+-----------+
| Argument | Direction |
+----------+-----------+
| arg_2    | in        |
| arg_3    | inout     |
| arg_4    | inout     |
| arg_5    | inout     |
| arg_6    | inout     |
| arg_7    | inout     |
| arg_8    | inout     |
| arg_9    | inout     |
| arg_10   | inout     |
| arg_11   | inout     |
| arg_12   | inout     |
| arg_13   | inout     |
| arg_14   | inout     |
| arg_15   | inout     |
| arg_16   | inout     |
| arg_17   | inout     |
| arg_18   | inout     |
| arg_19   | inout     |
| arg_20   | inout     |
| arg_21   | inout     |
| arg_22   | inout     |
| arg_23   | inout     |
| arg_24   | inout     |
| arg_25   | inout     |
| arg_26   | inout     |
| arg_27   | inout     |
| arg_28   | inout     |
| arg_29   | inout     |
| arg_30   | inout     |
| arg_31   | inout     |
| arg_32   | inout     |
| arg_33   | inout     |
+----------+-----------+

* SW-to-HW Mapping
+----------+---------------+---------+
| Argument | HW Interface  | HW Type |
+----------+---------------+---------+
| arg_2    | arg_2         | port    |
| arg_3    | arg_3         | port    |
| arg_3    | arg_3_ap_vld  | port    |
| arg_4    | arg_4         | port    |
| arg_4    | arg_4_ap_vld  | port    |
| arg_5    | arg_5         | port    |
| arg_5    | arg_5_ap_vld  | port    |
| arg_6    | arg_6         | port    |
| arg_6    | arg_6_ap_vld  | port    |
| arg_7    | arg_7         | port    |
| arg_7    | arg_7_ap_vld  | port    |
| arg_8    | arg_8         | port    |
| arg_8    | arg_8_ap_vld  | port    |
| arg_9    | arg_9         | port    |
| arg_9    | arg_9_ap_vld  | port    |
| arg_10   | arg_10        | port    |
| arg_10   | arg_10_ap_vld | port    |
| arg_11   | arg_11        | port    |
| arg_11   | arg_11_ap_vld | port    |
| arg_12   | arg_12        | port    |
| arg_12   | arg_12_ap_vld | port    |
| arg_13   | arg_13        | port    |
| arg_13   | arg_13_ap_vld | port    |
| arg_14   | arg_14        | port    |
| arg_14   | arg_14_ap_vld | port    |
| arg_15   | arg_15        | port    |
| arg_15   | arg_15_ap_vld | port    |
| arg_16   | arg_16        | port    |
| arg_16   | arg_16_ap_vld | port    |
| arg_17   | arg_17        | port    |
| arg_17   | arg_17_ap_vld | port    |
| arg_18   | arg_18        | port    |
| arg_18   | arg_18_ap_vld | port    |
| arg_19   | arg_19        | port    |
| arg_19   | arg_19_ap_vld | port    |
| arg_20   | arg_20        | port    |
| arg_20   | arg_20_ap_vld | port    |
| arg_21   | arg_21        | port    |
| arg_21   | arg_21_ap_vld | port    |
| arg_22   | arg_22        | port    |
| arg_22   | arg_22_ap_vld | port    |
| arg_23   | arg_23        | port    |
| arg_23   | arg_23_ap_vld | port    |
| arg_24   | arg_24        | port    |
| arg_24   | arg_24_ap_vld | port    |
| arg_25   | arg_25        | port    |
| arg_25   | arg_25_ap_vld | port    |
| arg_26   | arg_26        | port    |
| arg_26   | arg_26_ap_vld | port    |
| arg_27   | arg_27        | port    |
| arg_27   | arg_27_ap_vld | port    |
| arg_28   | arg_28        | port    |
| arg_28   | arg_28_ap_vld | port    |
| arg_29   | arg_29        | port    |
| arg_29   | arg_29_ap_vld | port    |
| arg_30   | arg_30        | port    |
| arg_30   | arg_30_ap_vld | port    |
| arg_31   | arg_31        | port    |
| arg_31   | arg_31_ap_vld | port    |
| arg_32   | arg_32        | port    |
| arg_32   | arg_32_ap_vld | port    |
| arg_33   | arg_33        | port    |
| arg_33   | arg_33_ap_vld | port    |
+----------+---------------+---------+


================================================================
== Bind Op Report
================================================================
+----------------------------------------+-----+--------+------------------------+------+---------+---------+
| Name                                   | DSP | Pragma | Variable               | Op   | Impl    | Latency |
+----------------------------------------+-----+--------+------------------------+------+---------+---------+
| + forward                              | 16  |        |                        |      |         |         |
|   fmul_32ns_32ns_32_8_max_dsp_1_U101   | 3   |        | val_s                  | fmul | maxdsp  | 7       |
|   fmul_32ns_32ns_32_8_max_dsp_1_U101   | 3   |        | val_1                  | fmul | maxdsp  | 7       |
|   fmul_32ns_32ns_32_8_max_dsp_1_U101   | 3   |        | val_4                  | fmul | maxdsp  | 7       |
|   val_436_fu_761_p2                    | -   |        | val_436                | add  | fabric  | 0       |
|   fdiv_32ns_32ns_32_30_no_dsp_1_U102   | -   |        | val_7                  | fdiv | fabric  | 29      |
|   fmul_32ns_32ns_32_8_max_dsp_1_U101   | 3   |        | val_8                  | fmul | maxdsp  | 7       |
|   fmul_32ns_32ns_32_8_max_dsp_1_U101   | 3   |        | val_2                  | fmul | maxdsp  | 7       |
|   fadd_32ns_32ns_32_13_full_dsp_1_U100 | 2   |        | val_3                  | fadd | fulldsp | 12      |
|   fmul_32ns_32ns_32_8_max_dsp_1_U101   | 3   |        | val_5                  | fmul | maxdsp  | 7       |
|   fadd_32ns_32ns_32_13_full_dsp_1_U100 | 2   |        | val_6                  | fadd | fulldsp | 12      |
|   fmul_32ns_32ns_32_8_max_dsp_1_U101   | 3   |        | val_9                  | fmul | maxdsp  | 7       |
|   indvar_flatten_next425_fu_874_p2     | -   |        | indvar_flatten_next425 | add  | fabric  | 0       |
|   fmul_32ns_32ns_32_8_max_dsp_1_U101   | 3   |        | val_10                 | fmul | maxdsp  | 7       |
|   fadd_32ns_32ns_32_13_full_dsp_1_U100 | 2   |        | val_11                 | fadd | fulldsp | 12      |
|   fmul_32ns_32ns_32_8_max_dsp_1_U101   | 3   |        | val_12                 | fmul | maxdsp  | 7       |
|   indvar_flatten_next510_fu_974_p2     | -   |        | indvar_flatten_next510 | add  | fabric  | 0       |
|   fmul_32ns_32ns_32_8_max_dsp_1_U101   | 3   |        | val_13                 | fmul | maxdsp  | 7       |
|   fadd_32ns_32ns_32_13_full_dsp_1_U100 | 2   |        | val_14                 | fadd | fulldsp | 12      |
|   fmul_32ns_32ns_32_8_max_dsp_1_U101   | 3   |        | val_15                 | fmul | maxdsp  | 7       |
|   fmul_32ns_32ns_32_8_max_dsp_1_U101   | 3   |        | val_16                 | fmul | maxdsp  | 7       |
|   fadd_32ns_32ns_32_13_full_dsp_1_U100 | 2   |        | val_17                 | fadd | fulldsp | 12      |
|   fmul_32ns_32ns_32_8_max_dsp_1_U101   | 3   |        | val_18                 | fmul | maxdsp  | 7       |
|   fmul_32ns_32ns_32_8_max_dsp_1_U101   | 3   |        | val_19                 | fmul | maxdsp  | 7       |
|   fadd_32ns_32ns_32_13_full_dsp_1_U100 | 2   |        | val_20                 | fadd | fulldsp | 12      |
|   fmul_32ns_32ns_32_8_max_dsp_1_U101   | 3   |        | val_21                 | fmul | maxdsp  | 7       |
|   fmul_32ns_32ns_32_8_max_dsp_1_U101   | 3   |        | val_22                 | fmul | maxdsp  | 7       |
|   fadd_32ns_32ns_32_13_full_dsp_1_U100 | 2   |        | val_23                 | fadd | fulldsp | 12      |
|   fmul_32ns_32ns_32_8_max_dsp_1_U101   | 3   |        | val_24                 | fmul | maxdsp  | 7       |
|   fmul_32ns_32ns_32_8_max_dsp_1_U101   | 3   |        | val_25                 | fmul | maxdsp  | 7       |
|   fadd_32ns_32ns_32_13_full_dsp_1_U100 | 2   |        | val_26                 | fadd | fulldsp | 12      |
|   fmul_32ns_32ns_32_8_max_dsp_1_U101   | 3   |        | val_27                 | fmul | maxdsp  | 7       |
|  + forward_Pipeline_1                  | 0   |        |                        |      |         |         |
|    indvar_flatten_next12_fu_50_p2      | -   |        | indvar_flatten_next12  | add  | fabric  | 0       |
|  + forward_Pipeline_3                  | 0   |        |                        |      |         |         |
|    indvar_flatten_next54_fu_50_p2      | -   |        | indvar_flatten_next54  | add  | fabric  | 0       |
|  + forward_Pipeline_5                  | 0   |        |                        |      |         |         |
|    indvar_flatten_next97_fu_50_p2      | -   |        | indvar_flatten_next97  | add  | fabric  | 0       |
|  + forward_Pipeline_7                  | 0   |        |                        |      |         |         |
|    indvar_flatten_next140_fu_50_p2     | -   |        | indvar_flatten_next140 | add  | fabric  | 0       |
|  + forward_Pipeline_12                 | 0   |        |                        |      |         |         |
|    val_408_fu_50_p2                    | -   |        | val_408                | add  | fabric  | 0       |
|  + forward_Pipeline_2                  | 0   |        |                        |      |         |         |
|    indvar_flatten_next35_fu_90_p2      | -   |        | indvar_flatten_next35  | add  | fabric  | 0       |
|  + forward_Pipeline_4                  | 0   |        |                        |      |         |         |
|    indvar_flatten_next78_fu_95_p2      | -   |        | indvar_flatten_next78  | add  | fabric  | 0       |
|  + forward_Pipeline_6                  | 2   |        |                        |      |         |         |
|    indvar_flatten_next121_fu_95_p2     | -   |        | indvar_flatten_next121 | add  | fabric  | 0       |
|    fadd_32ns_32ns_32_13_full_dsp_1_U12 | 2   |        | val_5                  | fadd | fulldsp | 12      |
|    fadd_32ns_32ns_32_13_full_dsp_1_U12 | 2   |        | val_5_1                | fadd | fulldsp | 12      |
|    fadd_32ns_32ns_32_13_full_dsp_1_U12 | 2   |        | val_5_2                | fadd | fulldsp | 12      |
|    fadd_32ns_32ns_32_13_full_dsp_1_U12 | 2   |        | val_5_3                | fadd | fulldsp | 12      |
|    fadd_32ns_32ns_32_13_full_dsp_1_U12 | 2   |        | val_5_4                | fadd | fulldsp | 12      |
|    fadd_32ns_32ns_32_13_full_dsp_1_U12 | 2   |        | val_5_5                | fadd | fulldsp | 12      |
|    fadd_32ns_32ns_32_13_full_dsp_1_U12 | 2   |        | val_5_6                | fadd | fulldsp | 12      |
|    fadd_32ns_32ns_32_13_full_dsp_1_U12 | 2   |        | val_5_7                | fadd | fulldsp | 12      |
|    fadd_32ns_32ns_32_13_full_dsp_1_U12 | 2   |        | val_5_8                | fadd | fulldsp | 12      |
|    fadd_32ns_32ns_32_13_full_dsp_1_U12 | 2   |        | val_5_9                | fadd | fulldsp | 12      |
|    fadd_32ns_32ns_32_13_full_dsp_1_U12 | 2   |        | val_5_s                | fadd | fulldsp | 12      |
|    fadd_32ns_32ns_32_13_full_dsp_1_U12 | 2   |        | val_5_10               | fadd | fulldsp | 12      |
|    fadd_32ns_32ns_32_13_full_dsp_1_U12 | 2   |        | val_5_11               | fadd | fulldsp | 12      |
|    fadd_32ns_32ns_32_13_full_dsp_1_U12 | 2   |        | val_5_12               | fadd | fulldsp | 12      |
|    fadd_32ns_32ns_32_13_full_dsp_1_U12 | 2   |        | val_5_13               | fadd | fulldsp | 12      |
|    fadd_32ns_32ns_32_13_full_dsp_1_U12 | 2   |        | val_5_14               | fadd | fulldsp | 12      |
|    fadd_32ns_32ns_32_13_full_dsp_1_U12 | 2   |        | val_5_15               | fadd | fulldsp | 12      |
|    fadd_32ns_32ns_32_13_full_dsp_1_U12 | 2   |        | val_5_16               | fadd | fulldsp | 12      |
|    fadd_32ns_32ns_32_13_full_dsp_1_U12 | 2   |        | val_5_17               | fadd | fulldsp | 12      |
|    fadd_32ns_32ns_32_13_full_dsp_1_U12 | 2   |        | val_5_18               | fadd | fulldsp | 12      |
|    fadd_32ns_32ns_32_13_full_dsp_1_U12 | 2   |        | val_5_19               | fadd | fulldsp | 12      |
|    fadd_32ns_32ns_32_13_full_dsp_1_U12 | 2   |        | val_5_20               | fadd | fulldsp | 12      |
|    fadd_32ns_32ns_32_13_full_dsp_1_U12 | 2   |        | val_5_21               | fadd | fulldsp | 12      |
|    fadd_32ns_32ns_32_13_full_dsp_1_U12 | 2   |        | val_5_22               | fadd | fulldsp | 12      |
|    fadd_32ns_32ns_32_13_full_dsp_1_U12 | 2   |        | val_5_23               | fadd | fulldsp | 12      |
|    fadd_32ns_32ns_32_13_full_dsp_1_U12 | 2   |        | val_5_24               | fadd | fulldsp | 12      |
|    fadd_32ns_32ns_32_13_full_dsp_1_U12 | 2   |        | val_5_25               | fadd | fulldsp | 12      |
|    fadd_32ns_32ns_32_13_full_dsp_1_U12 | 2   |        | val_5_26               | fadd | fulldsp | 12      |
|    fadd_32ns_32ns_32_13_full_dsp_1_U12 | 2   |        | val_5_27               | fadd | fulldsp | 12      |
|    fadd_32ns_32ns_32_13_full_dsp_1_U12 | 2   |        | val_5_28               | fadd | fulldsp | 12      |
|    fadd_32ns_32ns_32_13_full_dsp_1_U12 | 2   |        | val_5_29               | fadd | fulldsp | 12      |
|    fadd_32ns_32ns_32_13_full_dsp_1_U12 | 2   |        | val_5_30               | fadd | fulldsp | 12      |
|    fadd_32ns_32ns_32_13_full_dsp_1_U12 | 2   |        | val_5_31               | fadd | fulldsp | 12      |
|    fadd_32ns_32ns_32_13_full_dsp_1_U12 | 2   |        | val_5_32               | fadd | fulldsp | 12      |
|    fadd_32ns_32ns_32_13_full_dsp_1_U12 | 2   |        | val_5_33               | fadd | fulldsp | 12      |
|    fadd_32ns_32ns_32_13_full_dsp_1_U12 | 2   |        | val_5_34               | fadd | fulldsp | 12      |
|    fadd_32ns_32ns_32_13_full_dsp_1_U12 | 2   |        | val_5_35               | fadd | fulldsp | 12      |
|    fadd_32ns_32ns_32_13_full_dsp_1_U12 | 2   |        | val_5_36               | fadd | fulldsp | 12      |
|    fadd_32ns_32ns_32_13_full_dsp_1_U12 | 2   |        | val_5_37               | fadd | fulldsp | 12      |
|    fadd_32ns_32ns_32_13_full_dsp_1_U12 | 2   |        | val_5_38               | fadd | fulldsp | 12      |
|    fadd_32ns_32ns_32_13_full_dsp_1_U12 | 2   |        | val_5_39               | fadd | fulldsp | 12      |
|    fadd_32ns_32ns_32_13_full_dsp_1_U12 | 2   |        | val_5_40               | fadd | fulldsp | 12      |
|    fadd_32ns_32ns_32_13_full_dsp_1_U12 | 2   |        | val_5_41               | fadd | fulldsp | 12      |
|    fadd_32ns_32ns_32_13_full_dsp_1_U12 | 2   |        | val_5_42               | fadd | fulldsp | 12      |
|    fadd_32ns_32ns_32_13_full_dsp_1_U12 | 2   |        | val_5_43               | fadd | fulldsp | 12      |
|    fadd_32ns_32ns_32_13_full_dsp_1_U12 | 2   |        | val_5_44               | fadd | fulldsp | 12      |
|    fadd_32ns_32ns_32_13_full_dsp_1_U12 | 2   |        | val_5_45               | fadd | fulldsp | 12      |
|    fadd_32ns_32ns_32_13_full_dsp_1_U12 | 2   |        | val_5_46               | fadd | fulldsp | 12      |
|    fadd_32ns_32ns_32_13_full_dsp_1_U12 | 2   |        | val_5_47               | fadd | fulldsp | 12      |
|    fadd_32ns_32ns_32_13_full_dsp_1_U12 | 2   |        | val_5_48               | fadd | fulldsp | 12      |
|    fadd_32ns_32ns_32_13_full_dsp_1_U12 | 2   |        | val_5_49               | fadd | fulldsp | 12      |
|    fadd_32ns_32ns_32_13_full_dsp_1_U12 | 2   |        | val_5_50               | fadd | fulldsp | 12      |
|    fadd_32ns_32ns_32_13_full_dsp_1_U12 | 2   |        | val_5_51               | fadd | fulldsp | 12      |
|    fadd_32ns_32ns_32_13_full_dsp_1_U12 | 2   |        | val_5_52               | fadd | fulldsp | 12      |
|    fadd_32ns_32ns_32_13_full_dsp_1_U12 | 2   |        | val_5_53               | fadd | fulldsp | 12      |
|    fadd_32ns_32ns_32_13_full_dsp_1_U12 | 2   |        | val_5_54               | fadd | fulldsp | 12      |
|    fadd_32ns_32ns_32_13_full_dsp_1_U12 | 2   |        | val_5_55               | fadd | fulldsp | 12      |
|    fadd_32ns_32ns_32_13_full_dsp_1_U12 | 2   |        | val_5_56               | fadd | fulldsp | 12      |
|    fadd_32ns_32ns_32_13_full_dsp_1_U12 | 2   |        | val_5_57               | fadd | fulldsp | 12      |
|    fadd_32ns_32ns_32_13_full_dsp_1_U12 | 2   |        | val_5_58               | fadd | fulldsp | 12      |
|    fadd_32ns_32ns_32_13_full_dsp_1_U12 | 2   |        | val_5_59               | fadd | fulldsp | 12      |
|    fadd_32ns_32ns_32_13_full_dsp_1_U12 | 2   |        | val_5_60               | fadd | fulldsp | 12      |
|    fadd_32ns_32ns_32_13_full_dsp_1_U12 | 2   |        | val_5_61               | fadd | fulldsp | 12      |
|    fadd_32ns_32ns_32_13_full_dsp_1_U12 | 2   |        | val_5_62               | fadd | fulldsp | 12      |
|  + forward_Pipeline_8                  | 2   |        |                        |      |         |         |
|    indvar_flatten_next164_fu_95_p2     | -   |        | indvar_flatten_next164 | add  | fabric  | 0       |
|    fadd_32ns_32ns_32_13_full_dsp_1_U17 | 2   |        | val_6                  | fadd | fulldsp | 12      |
|    fadd_32ns_32ns_32_13_full_dsp_1_U17 | 2   |        | val_6_1                | fadd | fulldsp | 12      |
|    fadd_32ns_32ns_32_13_full_dsp_1_U17 | 2   |        | val_6_2                | fadd | fulldsp | 12      |
|    fadd_32ns_32ns_32_13_full_dsp_1_U17 | 2   |        | val_6_3                | fadd | fulldsp | 12      |
|    fadd_32ns_32ns_32_13_full_dsp_1_U17 | 2   |        | val_6_4                | fadd | fulldsp | 12      |
|    fadd_32ns_32ns_32_13_full_dsp_1_U17 | 2   |        | val_6_5                | fadd | fulldsp | 12      |
|    fadd_32ns_32ns_32_13_full_dsp_1_U17 | 2   |        | val_6_6                | fadd | fulldsp | 12      |
|    fadd_32ns_32ns_32_13_full_dsp_1_U17 | 2   |        | val_6_7                | fadd | fulldsp | 12      |
|    fadd_32ns_32ns_32_13_full_dsp_1_U17 | 2   |        | val_6_8                | fadd | fulldsp | 12      |
|    fadd_32ns_32ns_32_13_full_dsp_1_U17 | 2   |        | val_6_9                | fadd | fulldsp | 12      |
|    fadd_32ns_32ns_32_13_full_dsp_1_U17 | 2   |        | val_6_s                | fadd | fulldsp | 12      |
|    fadd_32ns_32ns_32_13_full_dsp_1_U17 | 2   |        | val_6_10               | fadd | fulldsp | 12      |
|    fadd_32ns_32ns_32_13_full_dsp_1_U17 | 2   |        | val_6_11               | fadd | fulldsp | 12      |
|    fadd_32ns_32ns_32_13_full_dsp_1_U17 | 2   |        | val_6_12               | fadd | fulldsp | 12      |
|    fadd_32ns_32ns_32_13_full_dsp_1_U17 | 2   |        | val_6_13               | fadd | fulldsp | 12      |
|    fadd_32ns_32ns_32_13_full_dsp_1_U17 | 2   |        | val_6_14               | fadd | fulldsp | 12      |
|    fadd_32ns_32ns_32_13_full_dsp_1_U17 | 2   |        | val_6_15               | fadd | fulldsp | 12      |
|    fadd_32ns_32ns_32_13_full_dsp_1_U17 | 2   |        | val_6_16               | fadd | fulldsp | 12      |
|    fadd_32ns_32ns_32_13_full_dsp_1_U17 | 2   |        | val_6_17               | fadd | fulldsp | 12      |
|    fadd_32ns_32ns_32_13_full_dsp_1_U17 | 2   |        | val_6_18               | fadd | fulldsp | 12      |
|    fadd_32ns_32ns_32_13_full_dsp_1_U17 | 2   |        | val_6_19               | fadd | fulldsp | 12      |
|    fadd_32ns_32ns_32_13_full_dsp_1_U17 | 2   |        | val_6_20               | fadd | fulldsp | 12      |
|    fadd_32ns_32ns_32_13_full_dsp_1_U17 | 2   |        | val_6_21               | fadd | fulldsp | 12      |
|    fadd_32ns_32ns_32_13_full_dsp_1_U17 | 2   |        | val_6_22               | fadd | fulldsp | 12      |
|    fadd_32ns_32ns_32_13_full_dsp_1_U17 | 2   |        | val_6_23               | fadd | fulldsp | 12      |
|    fadd_32ns_32ns_32_13_full_dsp_1_U17 | 2   |        | val_6_24               | fadd | fulldsp | 12      |
|    fadd_32ns_32ns_32_13_full_dsp_1_U17 | 2   |        | val_6_25               | fadd | fulldsp | 12      |
|    fadd_32ns_32ns_32_13_full_dsp_1_U17 | 2   |        | val_6_26               | fadd | fulldsp | 12      |
|    fadd_32ns_32ns_32_13_full_dsp_1_U17 | 2   |        | val_6_27               | fadd | fulldsp | 12      |
|    fadd_32ns_32ns_32_13_full_dsp_1_U17 | 2   |        | val_6_28               | fadd | fulldsp | 12      |
|    fadd_32ns_32ns_32_13_full_dsp_1_U17 | 2   |        | val_6_29               | fadd | fulldsp | 12      |
|    fadd_32ns_32ns_32_13_full_dsp_1_U17 | 2   |        | val_6_30               | fadd | fulldsp | 12      |
|    fadd_32ns_32ns_32_13_full_dsp_1_U17 | 2   |        | val_6_31               | fadd | fulldsp | 12      |
|    fadd_32ns_32ns_32_13_full_dsp_1_U17 | 2   |        | val_6_32               | fadd | fulldsp | 12      |
|    fadd_32ns_32ns_32_13_full_dsp_1_U17 | 2   |        | val_6_33               | fadd | fulldsp | 12      |
|    fadd_32ns_32ns_32_13_full_dsp_1_U17 | 2   |        | val_6_34               | fadd | fulldsp | 12      |
|    fadd_32ns_32ns_32_13_full_dsp_1_U17 | 2   |        | val_6_35               | fadd | fulldsp | 12      |
|    fadd_32ns_32ns_32_13_full_dsp_1_U17 | 2   |        | val_6_36               | fadd | fulldsp | 12      |
|    fadd_32ns_32ns_32_13_full_dsp_1_U17 | 2   |        | val_6_37               | fadd | fulldsp | 12      |
|    fadd_32ns_32ns_32_13_full_dsp_1_U17 | 2   |        | val_6_38               | fadd | fulldsp | 12      |
|    fadd_32ns_32ns_32_13_full_dsp_1_U17 | 2   |        | val_6_39               | fadd | fulldsp | 12      |
|    fadd_32ns_32ns_32_13_full_dsp_1_U17 | 2   |        | val_6_40               | fadd | fulldsp | 12      |
|    fadd_32ns_32ns_32_13_full_dsp_1_U17 | 2   |        | val_6_41               | fadd | fulldsp | 12      |
|    fadd_32ns_32ns_32_13_full_dsp_1_U17 | 2   |        | val_6_42               | fadd | fulldsp | 12      |
|    fadd_32ns_32ns_32_13_full_dsp_1_U17 | 2   |        | val_6_43               | fadd | fulldsp | 12      |
|    fadd_32ns_32ns_32_13_full_dsp_1_U17 | 2   |        | val_6_44               | fadd | fulldsp | 12      |
|    fadd_32ns_32ns_32_13_full_dsp_1_U17 | 2   |        | val_6_45               | fadd | fulldsp | 12      |
|    fadd_32ns_32ns_32_13_full_dsp_1_U17 | 2   |        | val_6_46               | fadd | fulldsp | 12      |
|    fadd_32ns_32ns_32_13_full_dsp_1_U17 | 2   |        | val_6_47               | fadd | fulldsp | 12      |
|    fadd_32ns_32ns_32_13_full_dsp_1_U17 | 2   |        | val_6_48               | fadd | fulldsp | 12      |
|    fadd_32ns_32ns_32_13_full_dsp_1_U17 | 2   |        | val_6_49               | fadd | fulldsp | 12      |
|    fadd_32ns_32ns_32_13_full_dsp_1_U17 | 2   |        | val_6_50               | fadd | fulldsp | 12      |
|    fadd_32ns_32ns_32_13_full_dsp_1_U17 | 2   |        | val_6_51               | fadd | fulldsp | 12      |
|    fadd_32ns_32ns_32_13_full_dsp_1_U17 | 2   |        | val_6_52               | fadd | fulldsp | 12      |
|    fadd_32ns_32ns_32_13_full_dsp_1_U17 | 2   |        | val_6_53               | fadd | fulldsp | 12      |
|    fadd_32ns_32ns_32_13_full_dsp_1_U17 | 2   |        | val_6_54               | fadd | fulldsp | 12      |
|    fadd_32ns_32ns_32_13_full_dsp_1_U17 | 2   |        | val_6_55               | fadd | fulldsp | 12      |
|    fadd_32ns_32ns_32_13_full_dsp_1_U17 | 2   |        | val_6_56               | fadd | fulldsp | 12      |
|    fadd_32ns_32ns_32_13_full_dsp_1_U17 | 2   |        | val_6_57               | fadd | fulldsp | 12      |
|    fadd_32ns_32ns_32_13_full_dsp_1_U17 | 2   |        | val_6_58               | fadd | fulldsp | 12      |
|    fadd_32ns_32ns_32_13_full_dsp_1_U17 | 2   |        | val_6_59               | fadd | fulldsp | 12      |
|    fadd_32ns_32ns_32_13_full_dsp_1_U17 | 2   |        | val_6_60               | fadd | fulldsp | 12      |
|    fadd_32ns_32ns_32_13_full_dsp_1_U17 | 2   |        | val_6_61               | fadd | fulldsp | 12      |
|    fadd_32ns_32ns_32_13_full_dsp_1_U17 | 2   |        | val_6_62               | fadd | fulldsp | 12      |
|  + forward_Pipeline_9                  | 0   |        |                        |      |         |         |
|    indvar_flatten_next185_fu_60_p2     | -   |        | indvar_flatten_next185 | add  | fabric  | 0       |
|  + forward_Pipeline_10                 | 7   |        |                        |      |         |         |
|    indvar_flatten_next208_fu_95_p2     | -   |        | indvar_flatten_next208 | add  | fabric  | 0       |
|    fexp_32ns_32ns_32_31_full_dsp_1_U23 | 7   |        | tmp                    | fexp | fulldsp | 30      |
|  + forward_Pipeline_11                 | 0   |        |                        |      |         |         |
|    indvar_flatten_next227_fu_60_p2     | -   |        | indvar_flatten_next227 | add  | fabric  | 0       |
|  + forward_Pipeline_13                 | 0   |        |                        |      |         |         |
|    indvar_flatten_next234_fu_80_p2     | -   |        | indvar_flatten_next234 | add  | fabric  | 0       |
|  + forward_Pipeline_14                 | 0   |        |                        |      |         |         |
|    indvar_flatten_next255_fu_60_p2     | -   |        | indvar_flatten_next255 | add  | fabric  | 0       |
|  + forward_Pipeline_15                 | 0   |        |                        |      |         |         |
|    indvar_flatten_next276_fu_60_p2     | -   |        | indvar_flatten_next276 | add  | fabric  | 0       |
|  + forward_Pipeline_16                 | 0   |        |                        |      |         |         |
|    indvar_flatten_next295_fu_50_p2     | -   |        | indvar_flatten_next295 | add  | fabric  | 0       |
|  + forward_Pipeline_20                 | 0   |        |                        |      |         |         |
|    indvar_flatten_next380_fu_50_p2     | -   |        | indvar_flatten_next380 | add  | fabric  | 0       |
|  + forward_Pipeline_17                 | 0   |        |                        |      |         |         |
|    indvar_flatten_next319_fu_95_p2     | -   |        | indvar_flatten_next319 | add  | fabric  | 0       |
|  + forward_Pipeline_18                 | 0   |        |                        |      |         |         |
|    indvar_flatten_next340_fu_60_p2     | -   |        | indvar_flatten_next340 | add  | fabric  | 0       |
|  + forward_Pipeline_19                 | 0   |        |                        |      |         |         |
|    indvar_flatten_next361_fu_60_p2     | -   |        | indvar_flatten_next361 | add  | fabric  | 0       |
|  + forward_Pipeline_21                 | 0   |        |                        |      |         |         |
|    indvar_flatten_next401_fu_80_p2     | -   |        | indvar_flatten_next401 | add  | fabric  | 0       |
|  + forward_Pipeline_22                 | 0   |        |                        |      |         |         |
|    indvar_flatten_next446_fu_60_p2     | -   |        | indvar_flatten_next446 | add  | fabric  | 0       |
|  + forward_Pipeline_23                 | 0   |        |                        |      |         |         |
|    indvar_flatten_next465_fu_50_p2     | -   |        | indvar_flatten_next465 | add  | fabric  | 0       |
|  + forward_Pipeline_24                 | 0   |        |                        |      |         |         |
|    indvar_flatten_next486_fu_80_p2     | -   |        | indvar_flatten_next486 | add  | fabric  | 0       |
|  + forward_Pipeline_25                 | 0   |        |                        |      |         |         |
|    indvar_flatten_next531_fu_60_p2     | -   |        | indvar_flatten_next531 | add  | fabric  | 0       |
|  + forward_Pipeline_26                 | 0   |        |                        |      |         |         |
|    val_876_fu_50_p2                    | -   |        | val_876                | add  | fabric  | 0       |
|  + forward_Pipeline_27                 | 0   |        |                        |      |         |         |
|    indvar_flatten_next538_fu_50_p2     | -   |        | indvar_flatten_next538 | add  | fabric  | 0       |
|  + forward_Pipeline_30                 | 0   |        |                        |      |         |         |
|    val_944_fu_50_p2                    | -   |        | val_944                | add  | fabric  | 0       |
|  + forward_Pipeline_31                 | 0   |        |                        |      |         |         |
|    indvar_flatten_next553_fu_50_p2     | -   |        | indvar_flatten_next553 | add  | fabric  | 0       |
|  + forward_Pipeline_34                 | 0   |        |                        |      |         |         |
|    val_1012_fu_50_p2                   | -   |        | val_1012               | add  | fabric  | 0       |
|  + forward_Pipeline_35                 | 0   |        |                        |      |         |         |
|    indvar_flatten_next560_fu_50_p2     | -   |        | indvar_flatten_next560 | add  | fabric  | 0       |
|  + forward_Pipeline_38                 | 0   |        |                        |      |         |         |
|    val_1080_fu_50_p2                   | -   |        | val_1080               | add  | fabric  | 0       |
|  + forward_Pipeline_39                 | 0   |        |                        |      |         |         |
|    indvar_flatten_next567_fu_50_p2     | -   |        | indvar_flatten_next567 | add  | fabric  | 0       |
|  + forward_Pipeline_42                 | 0   |        |                        |      |         |         |
|    val_1148_fu_50_p2                   | -   |        | val_1148               | add  | fabric  | 0       |
|  + forward_Pipeline_43                 | 0   |        |                        |      |         |         |
|    indvar_flatten_next574_fu_50_p2     | -   |        | indvar_flatten_next574 | add  | fabric  | 0       |
|  + forward_Pipeline_28                 | 0   |        |                        |      |         |         |
|    indvar_flatten_next546_fu_100_p2    | -   |        | indvar_flatten_next546 | add  | fabric  | 0       |
|    val_89537_op_fu_113_p2              | -   |        | val_89537_op           | add  | fabric  | 0       |
|  + forward_Pipeline_29                 | 0   |        |                        |      |         |         |
|    val_933_fu_60_p2                    | -   |        | val_933                | add  | fabric  | 0       |
|  + forward_Pipeline_32                 | 0   |        |                        |      |         |         |
|    val_983_fu_95_p2                    | -   |        | val_983                | add  | fabric  | 0       |
|  + forward_Pipeline_33                 | 0   |        |                        |      |         |         |
|    val_1001_fu_60_p2                   | -   |        | val_1001               | add  | fabric  | 0       |
|  + forward_Pipeline_36                 | 0   |        |                        |      |         |         |
|    val_1051_fu_95_p2                   | -   |        | val_1051               | add  | fabric  | 0       |
|  + forward_Pipeline_37                 | 0   |        |                        |      |         |         |
|    val_1069_fu_60_p2                   | -   |        | val_1069               | add  | fabric  | 0       |
|  + forward_Pipeline_40                 | 0   |        |                        |      |         |         |
|    val_1119_fu_90_p2                   | -   |        | val_1119               | add  | fabric  | 0       |
|  + forward_Pipeline_41                 | 0   |        |                        |      |         |         |
|    val_1137_fu_60_p2                   | -   |        | val_1137               | add  | fabric  | 0       |
|  + forward_Pipeline_44                 | 0   |        |                        |      |         |         |
|    val_1187_fu_79_p2                   | -   |        | val_1187               | add  | fabric  | 0       |
+----------------------------------------+-----+--------+------------------------+------+---------+---------+


================================================================
== Bind Storage Report
================================================================
  No bind storage info in design

================================================================
== User Pragma Report
================================================================
* Valid Pragma Syntax
+--------------+---------------------------+----------------------+
| Type         | Options                   | Location             |
+--------------+---------------------------+----------------------+
| dataflow     | disable_start_propagation | DIRECTIVE in forward |
| loop_flatten |                           | DIRECTIVE in forward |
| pipeline     |                           | DIRECTIVE in forward |
+--------------+---------------------------+----------------------+


