

================================================================
== Vitis HLS Report for 'forward_Pipeline_50'
================================================================
* Date:           Tue Jan  4 08:07:35 2022

* Version:        2021.2 (Build 3367213 on Tue Oct 19 02:47:39 MDT 2021)
* Project:        proj
* Solution:       solution1 (Vivado IP Flow Target)
* Product family: artix7
* Target device:  xc7a12ti-csg325-1L


================================================================
== Performance Estimates
================================================================
+ Timing: 
    * Summary: 
    +--------+---------+----------+------------+
    |  Clock |  Target | Estimated| Uncertainty|
    +--------+---------+----------+------------+
    |ap_clk  |  3.33 ns|  2.115 ns|     0.90 ns|
    +--------+---------+----------+------------+

+ Latency: 
    * Summary: 
    +---------+---------+----------+----------+-----+-----+---------+
    |  Latency (cycles) |  Latency (absolute) |  Interval | Pipeline|
    |   min   |   max   |    min   |    max   | min | max |   Type  |
    +---------+---------+----------+----------+-----+-----+---------+
    |      130|      130|  0.433 us|  0.433 us|  130|  130|       no|
    +---------+---------+----------+----------+-----+-----+---------+

    + Detail: 
        * Instance: 
        N/A

        * Loop: 
        +----------+---------+---------+----------+-----------+-----------+------+----------+
        |          |  Latency (cycles) | Iteration|  Initiation Interval  | Trip |          |
        | Loop Name|   min   |   max   |  Latency |  achieved |   target  | Count| Pipelined|
        +----------+---------+---------+----------+-----------+-----------+------+----------+
        |- Loop 1  |      128|      128|         2|          1|          1|   128|       yes|
        +----------+---------+---------+----------+-----------+-----------+------+----------+



================================================================
== Utilization Estimates
================================================================
* Summary: 
+-----------------+---------+----+-------+------+-----+
|       Name      | BRAM_18K| DSP|   FF  |  LUT | URAM|
+-----------------+---------+----+-------+------+-----+
|DSP              |        -|   -|      -|     -|    -|
|Expression       |        -|   -|      0|    28|    -|
|FIFO             |        -|   -|      -|     -|    -|
|Instance         |        -|   -|      -|     -|    -|
|Memory           |        -|   -|      -|     -|    -|
|Multiplexer      |        -|   -|      -|    40|    -|
|Register         |        -|   -|     19|     -|    -|
+-----------------+---------+----+-------+------+-----+
|Total            |        0|   0|     19|    68|    0|
+-----------------+---------+----+-------+------+-----+
|Available        |       40|  40|  16000|  8000|    0|
+-----------------+---------+----+-------+------+-----+
|Utilization (%)  |        0|   0|     ~0|    ~0|    0|
+-----------------+---------+----+-------+------+-----+

+ Detail: 
    * Instance: 
    N/A

    * DSP: 
    N/A

    * Memory: 
    N/A

    * FIFO: 
    N/A

    * Expression: 
    +----------------------------------+----------+----+---+----+------------+------------+
    |           Variable Name          | Operation| DSP| FF| LUT| Bitwidth P0| Bitwidth P1|
    +----------------------------------+----------+----+---+----+------------+------------+
    |indvar_flatten_next1042_fu_50_p2  |         +|   0|  0|  15|           8|           1|
    |exitcond_flatten1043_fu_44_p2     |      icmp|   0|  0|  11|           8|           9|
    |ap_enable_pp0                     |       xor|   0|  0|   2|           1|           2|
    +----------------------------------+----------+----+---+----+------------+------------+
    |Total                             |          |   0|  0|  28|          17|          12|
    +----------------------------------+----------+----+---+----+------------+------------+

    * Multiplexer: 
    +------------------------------------------+----+-----------+-----+-----------+
    |                   Name                   | LUT| Input Size| Bits| Total Bits|
    +------------------------------------------+----+-----------+-----+-----------+
    |ap_done_int                               |   9|          2|    1|          2|
    |ap_enable_reg_pp0_iter1                   |   9|          2|    1|          2|
    |ap_sig_allocacmp_indvar_flatten1041_load  |  13|          3|    8|         24|
    |indvar_flatten1041_fu_24                  |   9|          2|    8|         16|
    +------------------------------------------+----+-----------+-----+-----------+
    |Total                                     |  40|          9|   18|         44|
    +------------------------------------------+----+-----------+-----+-----------+

    * Register: 
    +--------------------------------+---+----+-----+-----------+
    |              Name              | FF| LUT| Bits| Const Bits|
    +--------------------------------+---+----+-----+-----------+
    |ap_CS_fsm                       |  1|   0|    1|          0|
    |ap_done_reg                     |  1|   0|    1|          0|
    |ap_enable_reg_pp0_iter1         |  1|   0|    1|          0|
    |indvar_flatten1041_fu_24        |  8|   0|    8|          0|
    |indvar_flatten_next1042_reg_70  |  8|   0|    8|          0|
    +--------------------------------+---+----+-----+-----------+
    |Total                           | 19|   0|   19|          0|
    +--------------------------------+---+----+-----+-----------+



================================================================
== Interface
================================================================
* Summary: 
+--------------+-----+-----+------------+---------------------+--------------+
|   RTL Ports  | Dir | Bits|  Protocol  |    Source Object    |    C Type    |
+--------------+-----+-----+------------+---------------------+--------------+
|ap_clk        |   in|    1|  ap_ctrl_hs|  forward_Pipeline_50|  return value|
|ap_rst        |   in|    1|  ap_ctrl_hs|  forward_Pipeline_50|  return value|
|ap_start      |   in|    1|  ap_ctrl_hs|  forward_Pipeline_50|  return value|
|ap_done       |  out|    1|  ap_ctrl_hs|  forward_Pipeline_50|  return value|
|ap_idle       |  out|    1|  ap_ctrl_hs|  forward_Pipeline_50|  return value|
|ap_ready      |  out|    1|  ap_ctrl_hs|  forward_Pipeline_50|  return value|
|arg_3         |  out|    8|      ap_vld|                arg_3|       pointer|
|arg_3_ap_vld  |  out|    1|      ap_vld|                arg_3|       pointer|
+--------------+-----+-----+------------+---------------------+--------------+

