

================================================================
== Vitis HLS Report for 'forward_Pipeline_43'
================================================================
* Date:           Tue Jan  4 08:07:35 2022

* Version:        2021.2 (Build 3367213 on Tue Oct 19 02:47:39 MDT 2021)
* Project:        proj
* Solution:       solution1 (Vivado IP Flow Target)
* Product family: artix7
* Target device:  xc7a12ti-csg325-1L


================================================================
== Performance Estimates
================================================================
+ Timing: 
    * Summary: 
    +--------+---------+----------+------------+
    |  Clock |  Target | Estimated| Uncertainty|
    +--------+---------+----------+------------+
    |ap_clk  |  3.33 ns|  3.149 ns|     0.90 ns|
    +--------+---------+----------+------------+

+ Latency: 
    * Summary: 
    +---------+---------+----------+----------+-----+-----+---------+
    |  Latency (cycles) |  Latency (absolute) |  Interval | Pipeline|
    |   min   |   max   |    min   |    max   | min | max |   Type  |
    +---------+---------+----------+----------+-----+-----+---------+
    |      738|      738|  2.460 us|  2.460 us|  738|  738|       no|
    +---------+---------+----------+----------+-----+-----+---------+

    + Detail: 
        * Instance: 
        N/A

        * Loop: 
        +----------+---------+---------+----------+-----------+-----------+------+----------+
        |          |  Latency (cycles) | Iteration|  Initiation Interval  | Trip |          |
        | Loop Name|   min   |   max   |  Latency |  achieved |   target  | Count| Pipelined|
        +----------+---------+---------+----------+-----------+-----------+------+----------+
        |- Loop 1  |      736|      736|        24|         23|          1|    32|       yes|
        +----------+---------+---------+----------+-----------+-----------+------+----------+



================================================================
== Utilization Estimates
================================================================
* Summary: 
+-----------------+---------+----+-------+------+-----+
|       Name      | BRAM_18K| DSP|   FF  |  LUT | URAM|
+-----------------+---------+----+-------+------+-----+
|DSP              |        -|   -|      -|     -|    -|
|Expression       |        -|   -|      0|    90|    -|
|FIFO             |        -|   -|      -|     -|    -|
|Instance         |        -|   -|      -|     -|    -|
|Memory           |        -|   -|      -|     -|    -|
|Multiplexer      |        -|   -|      -|   196|    -|
|Register         |        -|   -|    136|     -|    -|
+-----------------+---------+----+-------+------+-----+
|Total            |        0|   0|    136|   286|    0|
+-----------------+---------+----+-------+------+-----+
|Available        |       40|  40|  16000|  8000|    0|
+-----------------+---------+----+-------+------+-----+
|Utilization (%)  |        0|   0|     ~0|     3|    0|
+-----------------+---------+----+-------+------+-----+

+ Detail: 
    * Instance: 
    N/A

    * DSP: 
    N/A

    * Memory: 
    N/A

    * FIFO: 
    N/A

    * Expression: 
    +------------------------+----------+----+---+----+------------+------------+
    |      Variable Name     | Operation| DSP| FF| LUT| Bitwidth P0| Bitwidth P1|
    +------------------------+----------+----+---+----+------------+------------+
    |val_1295_fu_86_p2       |         +|   0|  0|  14|           6|           1|
    |exitcond23056_fu_80_p2  |      icmp|   0|  0|  10|           6|           7|
    |val_1288_fu_108_p3      |    select|   0|  0|  32|           1|           1|
    |val_1290_fu_114_p3      |    select|   0|  0|  32|           1|          32|
    |ap_enable_pp0           |       xor|   0|  0|   2|           1|           2|
    +------------------------+----------+----+---+----+------------+------------+
    |Total                   |          |   0|  0|  90|          15|          43|
    +------------------------+----------+----+---+----+------------+------------+

    * Multiplexer: 
    +----------------------------------+-----+-----------+-----+-----------+
    |               Name               | LUT | Input Size| Bits| Total Bits|
    +----------------------------------+-----+-----------+-----+-----------+
    |ap_NS_fsm                         |  120|         24|    1|         24|
    |ap_done_int                       |    9|          2|    1|          2|
    |ap_enable_reg_pp0_iter0           |    9|          2|    1|          2|
    |ap_enable_reg_pp0_iter0_reg       |    9|          2|    1|          2|
    |ap_enable_reg_pp0_iter1           |    9|          2|    1|          2|
    |ap_sig_allocacmp_p_load           |   13|          3|    8|         24|
    |ap_sig_allocacmp_val_128132_load  |    9|          2|    6|         12|
    |empty_fu_36                       |    9|          2|    8|         16|
    |val_128132_fu_32                  |    9|          2|    6|         12|
    +----------------------------------+-----+-----------+-----+-----------+
    |Total                             |  196|         41|   33|         96|
    +----------------------------------+-----+-----------+-----+-----------+

    * Register: 
    +-----------------------------+----+----+-----+-----------+
    |             Name            | FF | LUT| Bits| Const Bits|
    +-----------------------------+----+----+-----+-----------+
    |ap_CS_fsm                    |  23|   0|   23|          0|
    |ap_done_reg                  |   1|   0|    1|          0|
    |ap_enable_reg_pp0_iter0_reg  |   1|   0|    1|          0|
    |ap_enable_reg_pp0_iter1      |   1|   0|    1|          0|
    |empty_31_reg_156             |   8|   0|   32|         24|
    |empty_33_reg_184             |   8|   0|    8|          0|
    |empty_fu_36                  |   8|   0|    8|          0|
    |exitcond23056_reg_147        |   1|   0|    1|          0|
    |tmp_6_reg_163                |   1|   0|    1|          0|
    |val_128132_fu_32             |   6|   0|    6|          0|
    |val_1288_reg_174             |   8|   0|   32|         24|
    |val_1290_reg_179             |  32|   0|   32|          0|
    |val_1295_reg_151             |   6|   0|    6|          0|
    |val_s_reg_169                |  32|   0|   32|          0|
    +-----------------------------+----+----+-----+-----------+
    |Total                        | 136|   0|  184|         48|
    +-----------------------------+----+----+-----+-----------+



================================================================
== Interface
================================================================
* Summary: 
+---------------------+-----+-----+------------+---------------------+--------------+
|      RTL Ports      | Dir | Bits|  Protocol  |    Source Object    |    C Type    |
+---------------------+-----+-----+------------+---------------------+--------------+
|ap_clk               |   in|    1|  ap_ctrl_hs|  forward_Pipeline_43|  return value|
|ap_rst               |   in|    1|  ap_ctrl_hs|  forward_Pipeline_43|  return value|
|ap_start             |   in|    1|  ap_ctrl_hs|  forward_Pipeline_43|  return value|
|ap_done              |  out|    1|  ap_ctrl_hs|  forward_Pipeline_43|  return value|
|ap_idle              |  out|    1|  ap_ctrl_hs|  forward_Pipeline_43|  return value|
|ap_ready             |  out|    1|  ap_ctrl_hs|  forward_Pipeline_43|  return value|
|grp_fu_754_p_din0    |  out|   32|  ap_ctrl_hs|  forward_Pipeline_43|  return value|
|grp_fu_754_p_din1    |  out|   32|  ap_ctrl_hs|  forward_Pipeline_43|  return value|
|grp_fu_754_p_opcode  |  out|    2|  ap_ctrl_hs|  forward_Pipeline_43|  return value|
|grp_fu_754_p_dout0   |   in|   32|  ap_ctrl_hs|  forward_Pipeline_43|  return value|
|grp_fu_754_p_ce      |  out|    1|  ap_ctrl_hs|  forward_Pipeline_43|  return value|
|grp_fu_565_p_din0    |  out|   32|  ap_ctrl_hs|  forward_Pipeline_43|  return value|
|grp_fu_565_p_din1    |  out|   32|  ap_ctrl_hs|  forward_Pipeline_43|  return value|
|grp_fu_565_p_dout0   |   in|   32|  ap_ctrl_hs|  forward_Pipeline_43|  return value|
|grp_fu_565_p_ce      |  out|    1|  ap_ctrl_hs|  forward_Pipeline_43|  return value|
|grp_fu_762_p_din0    |  out|   32|  ap_ctrl_hs|  forward_Pipeline_43|  return value|
|grp_fu_762_p_din1    |  out|   32|  ap_ctrl_hs|  forward_Pipeline_43|  return value|
|grp_fu_762_p_opcode  |  out|    5|  ap_ctrl_hs|  forward_Pipeline_43|  return value|
|grp_fu_762_p_dout0   |   in|    1|  ap_ctrl_hs|  forward_Pipeline_43|  return value|
|grp_fu_762_p_ce      |  out|    1|  ap_ctrl_hs|  forward_Pipeline_43|  return value|
|p_reload1169         |   in|    8|     ap_none|         p_reload1169|        scalar|
|arg_3                |  out|    8|      ap_vld|                arg_3|       pointer|
|arg_3_ap_vld         |  out|    1|      ap_vld|                arg_3|       pointer|
+---------------------+-----+-----+------------+---------------------+--------------+

