

================================================================
== Vitis HLS Report for 'forward'
================================================================
* Date:           Thu Jan  6 20:40:04 2022

* Version:        2021.2 (Build 3367213 on Tue Oct 19 02:47:39 MDT 2021)
* Project:        proj
* Solution:       solution1 (Vivado IP Flow Target)
* Product family: virtexuplus
* Target device:  xcvu35p-fsvh2104-3-e


================================================================
== Performance Estimates
================================================================
+ Timing: 
    * Summary: 
    +--------+---------+----------+------------+
    |  Clock |  Target | Estimated| Uncertainty|
    +--------+---------+----------+------------+
    |ap_clk  |  1.00 ns|  1.468 ns|     0.27 ns|
    +--------+---------+----------+------------+

+ Latency: 
    * Summary: 
    +----------+----------+-----------+-----------+----------+----------+---------+
    |   Latency (cycles)  |   Latency (absolute)  |       Interval      | Pipeline|
    |    min   |    max   |    min    |    max    |    min   |    max   |   Type  |
    +----------+----------+-----------+-----------+----------+----------+---------+
    |  17698970|  17698970|  25.982 ms|  25.982 ms|  17698971|  17698971|       no|
    +----------+----------+-----------+-----------+----------+----------+---------+

    + Detail: 
        * Instance: 
        +--------------------------------+---------------------+---------+---------+-----------+-----------+---------+---------+---------+
        |                                |                     |  Latency (cycles) |   Latency (absolute)  |      Interval     | Pipeline|
        |            Instance            |        Module       |   min   |   max   |    min    |    max    |   min   |   max   |   Type  |
        +--------------------------------+---------------------+---------+---------+-----------+-----------+---------+---------+---------+
        |grp_forward_Pipeline_1_fu_321   |forward_Pipeline_1   |     5186|     5186|   7.613 us|   7.613 us|     5186|     5186|       no|
        |grp_forward_Pipeline_3_fu_327   |forward_Pipeline_3   |     2594|     2594|   3.808 us|   3.808 us|     2594|     2594|       no|
        |grp_forward_Pipeline_5_fu_333   |forward_Pipeline_5   |     2594|     2594|   3.808 us|   3.808 us|     2594|     2594|       no|
        |grp_forward_Pipeline_7_fu_339   |forward_Pipeline_7   |     2594|     2594|   3.808 us|   3.808 us|     2594|     2594|       no|
        |grp_forward_Pipeline_12_fu_345  |forward_Pipeline_12  |       34|       34|  49.912 ns|  49.912 ns|       34|       34|       no|
        |grp_forward_Pipeline_2_fu_351   |forward_Pipeline_2   |   606530|   606530|   0.890 ms|   0.890 ms|   606530|   606530|       no|
        |grp_forward_Pipeline_4_fu_359   |forward_Pipeline_4   |  2159137|  2159137|   3.170 ms|   3.170 ms|  2159137|  2159137|       no|
        |grp_forward_Pipeline_6_fu_367   |forward_Pipeline_6   |  2159137|  2159137|   3.170 ms|   3.170 ms|  2159137|  2159137|       no|
        |grp_forward_Pipeline_8_fu_375   |forward_Pipeline_8   |  2159137|  2159137|   3.170 ms|   3.170 ms|  2159137|  2159137|       no|
        |grp_forward_Pipeline_9_fu_383   |forward_Pipeline_9   |     2594|     2594|   3.808 us|   3.808 us|     2594|     2594|       no|
        |grp_forward_Pipeline_10_fu_390  |forward_Pipeline_10  |     2623|     2623|   3.851 us|   3.851 us|     2623|     2623|       no|
        |grp_forward_Pipeline_11_fu_399  |forward_Pipeline_11  |     2594|     2594|   3.808 us|   3.808 us|     2594|     2594|       no|
        |grp_forward_Pipeline_13_fu_406  |forward_Pipeline_13  |     1055|     1055|   1.549 us|   1.549 us|     1055|     1055|       no|
        |grp_forward_Pipeline_14_fu_413  |forward_Pipeline_14  |     2594|     2594|   3.808 us|   3.808 us|     2594|     2594|       no|
        |grp_forward_Pipeline_15_fu_420  |forward_Pipeline_15  |     2594|     2594|   3.808 us|   3.808 us|     2594|     2594|       no|
        |grp_forward_Pipeline_16_fu_427  |forward_Pipeline_16  |     5186|     5186|   7.613 us|   7.613 us|     5186|     5186|       no|
        |grp_forward_Pipeline_20_fu_433  |forward_Pipeline_20  |     1570|     1570|   2.305 us|   2.305 us|     1570|     1570|       no|
        |grp_forward_Pipeline_17_fu_439  |forward_Pipeline_17  |  2161729|  2161729|   3.173 ms|   3.173 ms|  2161729|  2161729|       no|
        |grp_forward_Pipeline_18_fu_447  |forward_Pipeline_18  |     5186|     5186|   7.613 us|   7.613 us|     5186|     5186|       no|
        |grp_forward_Pipeline_19_fu_454  |forward_Pipeline_19  |     5186|     5186|   7.613 us|   7.613 us|     5186|     5186|       no|
        |grp_forward_Pipeline_21_fu_461  |forward_Pipeline_21  |     7490|     7490|  10.995 us|  10.995 us|     7490|     7490|       no|
        |grp_forward_Pipeline_22_fu_468  |forward_Pipeline_22  |     1570|     1570|   2.305 us|   2.305 us|     1570|     1570|       no|
        |grp_forward_Pipeline_23_fu_475  |forward_Pipeline_23  |      202|      202|   0.297 us|   0.297 us|      202|      202|       no|
        |grp_forward_Pipeline_24_fu_481  |forward_Pipeline_24  |     3746|     3746|   5.499 us|   5.499 us|     3746|     3746|       no|
        |grp_forward_Pipeline_25_fu_488  |forward_Pipeline_25  |      202|      202|   0.297 us|   0.297 us|      202|      202|       no|
        |grp_forward_Pipeline_26_fu_495  |forward_Pipeline_26  |       66|       66|  96.888 ns|  96.888 ns|       66|       66|       no|
        |grp_forward_Pipeline_27_fu_501  |forward_Pipeline_27  |    12802|    12802|  18.793 us|  18.793 us|    12802|    12802|       no|
        |grp_forward_Pipeline_30_fu_507  |forward_Pipeline_30  |       34|       34|  49.912 ns|  49.912 ns|       34|       34|       no|
        |grp_forward_Pipeline_31_fu_513  |forward_Pipeline_31  |     2050|     2050|   3.009 us|   3.009 us|     2050|     2050|       no|
        |grp_forward_Pipeline_34_fu_519  |forward_Pipeline_34  |       18|       18|  26.424 ns|  26.424 ns|       18|       18|       no|
        |grp_forward_Pipeline_35_fu_525  |forward_Pipeline_35  |      514|      514|   0.755 us|   0.755 us|      514|      514|       no|
        |grp_forward_Pipeline_38_fu_531  |forward_Pipeline_38  |       10|       10|  14.680 ns|  14.680 ns|       10|       10|       no|
        |grp_forward_Pipeline_39_fu_537  |forward_Pipeline_39  |      130|      130|   0.191 us|   0.191 us|      130|      130|       no|
        |grp_forward_Pipeline_42_fu_543  |forward_Pipeline_42  |        4|        4|   5.872 ns|   5.872 ns|        4|        4|       no|
        |grp_forward_Pipeline_43_fu_549  |forward_Pipeline_43  |       18|       18|  26.424 ns|  26.424 ns|       18|       18|       no|
        |grp_forward_Pipeline_28_fu_555  |forward_Pipeline_28  |   166402|   166402|   0.244 ms|   0.244 ms|   166402|   166402|       no|
        |grp_forward_Pipeline_29_fu_563  |forward_Pipeline_29  |       66|       66|  96.888 ns|  96.888 ns|       66|       66|       no|
        |grp_forward_Pipeline_32_fu_570  |forward_Pipeline_32  |    26657|    26657|  39.132 us|  39.132 us|    26657|    26657|       no|
        |grp_forward_Pipeline_33_fu_578  |forward_Pipeline_33  |       34|       34|  49.912 ns|  49.912 ns|       34|       34|       no|
        |grp_forward_Pipeline_36_fu_585  |forward_Pipeline_36  |     6673|     6673|   9.796 us|   9.796 us|     6673|     6673|       no|
        |grp_forward_Pipeline_37_fu_593  |forward_Pipeline_37  |       18|       18|  26.424 ns|  26.424 ns|       18|       18|       no|
        |grp_forward_Pipeline_40_fu_600  |forward_Pipeline_40  |     1666|     1666|   2.446 us|   2.446 us|     1666|     1666|       no|
        |grp_forward_Pipeline_41_fu_608  |forward_Pipeline_41  |       10|       10|  14.680 ns|  14.680 ns|       10|       10|       no|
        |grp_forward_Pipeline_44_fu_615  |forward_Pipeline_44  |      210|      210|   0.308 us|   0.308 us|      210|      210|       no|
        +--------------------------------+---------------------+---------+---------+-----------+-----------+---------+---------+---------+

        * Loop: 
        +----------+----------+----------+----------+-----------+-----------+------+----------+
        |          |   Latency (cycles)  | Iteration|  Initiation Interval  | Trip |          |
        | Loop Name|    min   |    max   |  Latency |  achieved |   target  | Count| Pipelined|
        +----------+----------+----------+----------+-----------+-----------+------+----------+
        |- Loop 1  |     33888|     33888|      1059|          -|          -|    32|        no|
        |- Loop 2  |  11750592|  11750592|      7494|          -|          -|  1568|        no|
        |- Loop 3  |    750000|    750000|      3750|          -|          -|   200|        no|
        +----------+----------+----------+----------+-----------+-----------+------+----------+



================================================================
== Utilization Estimates
================================================================
* Summary: 
+---------------------+---------+------+---------+--------+-----+
|         Name        | BRAM_18K|  DSP |    FF   |   LUT  | URAM|
+---------------------+---------+------+---------+--------+-----+
|DSP                  |        -|     -|        -|       -|    -|
|Expression           |        -|     -|        0|     765|    -|
|FIFO                 |        -|     -|        -|       -|    -|
|Instance             |        -|    16|     8754|   22314|    -|
|Memory               |        -|     -|        -|       -|    -|
|Multiplexer          |        -|     -|        -|    2653|    -|
|Register             |        -|     -|     1751|       -|    -|
+---------------------+---------+------+---------+--------+-----+
|Total                |        0|    16|    10505|   25732|    0|
+---------------------+---------+------+---------+--------+-----+
|Available SLR        |     1344|  2976|   871680|  435840|  320|
+---------------------+---------+------+---------+--------+-----+
|Utilization SLR (%)  |        0|    ~0|        1|       5|    0|
+---------------------+---------+------+---------+--------+-----+
|Available            |     2688|  5952|  1743360|  871680|  640|
+---------------------+---------+------+---------+--------+-----+
|Utilization (%)      |        0|    ~0|       ~0|       2|    0|
+---------------------+---------+------+---------+--------+-----+

+ Detail: 
    * Instance: 
    +--------------------------------------+---------------------------------+---------+----+------+------+-----+
    |               Instance               |              Module             | BRAM_18K| DSP|  FF  |  LUT | URAM|
    +--------------------------------------+---------------------------------+---------+----+------+------+-----+
    |fadd_32ns_32ns_32_13_full_dsp_1_U100  |fadd_32ns_32ns_32_13_full_dsp_1  |        0|   2|   403|   191|    0|
    |fcmp_32ns_32ns_1_4_no_dsp_1_U103      |fcmp_32ns_32ns_1_4_no_dsp_1      |        0|   0|     0|     0|    0|
    |fdiv_32ns_32ns_32_30_no_dsp_1_U102    |fdiv_32ns_32ns_32_30_no_dsp_1    |        0|   0|     0|     0|    0|
    |fmul_32ns_32ns_32_8_max_dsp_1_U101    |fmul_32ns_32ns_32_8_max_dsp_1    |        0|   3|   217|    76|    0|
    |grp_forward_Pipeline_1_fu_321         |forward_Pipeline_1               |        0|   0|    29|    75|    0|
    |grp_forward_Pipeline_10_fu_390        |forward_Pipeline_10              |        0|   7|   911|   781|    0|
    |grp_forward_Pipeline_11_fu_399        |forward_Pipeline_11              |        0|   0|    27|    74|    0|
    |grp_forward_Pipeline_12_fu_345        |forward_Pipeline_12              |        0|   0|    15|    66|    0|
    |grp_forward_Pipeline_13_fu_406        |forward_Pipeline_13              |        0|   0|    95|   154|    0|
    |grp_forward_Pipeline_14_fu_413        |forward_Pipeline_14              |        0|   0|    27|    74|    0|
    |grp_forward_Pipeline_15_fu_420        |forward_Pipeline_15              |        0|   0|    27|    74|    0|
    |grp_forward_Pipeline_16_fu_427        |forward_Pipeline_16              |        0|   0|    29|    75|    0|
    |grp_forward_Pipeline_17_fu_439        |forward_Pipeline_17              |        0|   0|   508|  2273|    0|
    |grp_forward_Pipeline_18_fu_447        |forward_Pipeline_18              |        0|   0|    29|    75|    0|
    |grp_forward_Pipeline_19_fu_454        |forward_Pipeline_19              |        0|   0|    29|    75|    0|
    |grp_forward_Pipeline_2_fu_351         |forward_Pipeline_2               |        0|   0|   211|   712|    0|
    |grp_forward_Pipeline_20_fu_433        |forward_Pipeline_20              |        0|   0|    25|    72|    0|
    |grp_forward_Pipeline_21_fu_461        |forward_Pipeline_21              |        0|   0|   101|   158|    0|
    |grp_forward_Pipeline_22_fu_468        |forward_Pipeline_22              |        0|   0|    25|    72|    0|
    |grp_forward_Pipeline_23_fu_475        |forward_Pipeline_23              |        0|   0|    19|    69|    0|
    |grp_forward_Pipeline_24_fu_481        |forward_Pipeline_24              |        0|   0|    99|   157|    0|
    |grp_forward_Pipeline_25_fu_488        |forward_Pipeline_25              |        0|   0|    19|    69|    0|
    |grp_forward_Pipeline_26_fu_495        |forward_Pipeline_26              |        0|   0|    17|    68|    0|
    |grp_forward_Pipeline_27_fu_501        |forward_Pipeline_27              |        0|   0|    31|    76|    0|
    |grp_forward_Pipeline_28_fu_555        |forward_Pipeline_28              |        0|   0|   135|   217|    0|
    |grp_forward_Pipeline_29_fu_563        |forward_Pipeline_29              |        0|   0|    17|    68|    0|
    |grp_forward_Pipeline_3_fu_327         |forward_Pipeline_3               |        0|   0|    27|    74|    0|
    |grp_forward_Pipeline_30_fu_507        |forward_Pipeline_30              |        0|   0|    15|    66|    0|
    |grp_forward_Pipeline_31_fu_513        |forward_Pipeline_31              |        0|   0|    27|    74|    0|
    |grp_forward_Pipeline_32_fu_570        |forward_Pipeline_32              |        0|   0|   910|  2748|    0|
    |grp_forward_Pipeline_33_fu_578        |forward_Pipeline_33              |        0|   0|    15|    66|    0|
    |grp_forward_Pipeline_34_fu_519        |forward_Pipeline_34              |        0|   0|    13|    65|    0|
    |grp_forward_Pipeline_35_fu_525        |forward_Pipeline_35              |        0|   0|    23|    71|    0|
    |grp_forward_Pipeline_36_fu_585        |forward_Pipeline_36              |        0|   0|   492|  2263|    0|
    |grp_forward_Pipeline_37_fu_593        |forward_Pipeline_37              |        0|   0|    13|    65|    0|
    |grp_forward_Pipeline_38_fu_531        |forward_Pipeline_38              |        0|   0|    11|    64|    0|
    |grp_forward_Pipeline_39_fu_537        |forward_Pipeline_39              |        0|   0|    19|    69|    0|
    |grp_forward_Pipeline_4_fu_359         |forward_Pipeline_4               |        0|   0|   922|  2756|    0|
    |grp_forward_Pipeline_40_fu_600        |forward_Pipeline_40              |        0|   0|   284|  1209|    0|
    |grp_forward_Pipeline_41_fu_608        |forward_Pipeline_41              |        0|   0|    11|    64|    0|
    |grp_forward_Pipeline_42_fu_543        |forward_Pipeline_42              |        0|   0|     7|    60|    0|
    |grp_forward_Pipeline_43_fu_549        |forward_Pipeline_43              |        0|   0|    13|    65|    0|
    |grp_forward_Pipeline_44_fu_615        |forward_Pipeline_44              |        0|   0|   176|   618|    0|
    |grp_forward_Pipeline_5_fu_333         |forward_Pipeline_5               |        0|   0|    27|    74|    0|
    |grp_forward_Pipeline_6_fu_367         |forward_Pipeline_6               |        0|   2|  1325|  2947|    0|
    |grp_forward_Pipeline_7_fu_339         |forward_Pipeline_7               |        0|   0|    27|    74|    0|
    |grp_forward_Pipeline_8_fu_375         |forward_Pipeline_8               |        0|   2|  1325|  2947|    0|
    |grp_forward_Pipeline_9_fu_383         |forward_Pipeline_9               |        0|   0|    27|    74|    0|
    +--------------------------------------+---------------------------------+---------+----+------+------+-----+
    |Total                                 |                                 |        0|  16|  8754| 22314|    0|
    +--------------------------------------+---------------------------------+---------+----+------+------+-----+

    * DSP: 
    N/A

    * Memory: 
    N/A

    * FIFO: 
    N/A

    * Expression: 
    +-----------------------------------+----------+----+---+----+------------+------------+
    |           Variable Name           | Operation| DSP| FF| LUT| Bitwidth P0| Bitwidth P1|
    +-----------------------------------+----------+----+---+----+------------+------------+
    |indvar_flatten_next425_fu_874_p2   |         +|   0|  0|  18|          11|           1|
    |indvar_flatten_next510_fu_974_p2   |         +|   0|  0|  15|           8|           1|
    |val_436_fu_761_p2                  |         +|   0|  0|  13|           6|           1|
    |empty_48_fu_841_p2                 |       and|   0|  0|   2|           1|           1|
    |empty_53_fu_941_p2                 |       and|   0|  0|   2|           1|           1|
    |empty_59_fu_1031_p2                |       and|   0|  0|   2|           1|           1|
    |empty_63_fu_1092_p2                |       and|   0|  0|   2|           1|           1|
    |empty_67_fu_1152_p2                |       and|   0|  0|   2|           1|           1|
    |empty_71_fu_1212_p2                |       and|   0|  0|   2|           1|           1|
    |empty_75_fu_1272_p2                |       and|   0|  0|   2|           1|           1|
    |exitcond27575_fu_755_p2            |      icmp|   0|  0|  10|           6|           7|
    |exitcond_flatten426_fu_868_p2      |      icmp|   0|  0|  11|          11|          10|
    |exitcond_flatten511_fu_968_p2      |      icmp|   0|  0|  11|           8|           7|
    |notlhs13_fu_925_p2                 |      icmp|   0|  0|  11|           8|           2|
    |notlhs15_fu_1015_p2                |      icmp|   0|  0|  11|           8|           2|
    |notlhs17_fu_1076_p2                |      icmp|   0|  0|  11|           8|           2|
    |notlhs19_fu_1136_p2                |      icmp|   0|  0|  11|           8|           2|
    |notlhs21_fu_1196_p2                |      icmp|   0|  0|  11|           8|           2|
    |notlhs23_fu_1256_p2                |      icmp|   0|  0|  11|           8|           2|
    |notlhs_fu_825_p2                   |      icmp|   0|  0|  11|           8|           2|
    |notrhs14_fu_931_p2                 |      icmp|   0|  0|  16|          23|           1|
    |notrhs16_fu_1021_p2                |      icmp|   0|  0|  16|          23|           1|
    |notrhs18_fu_1082_p2                |      icmp|   0|  0|  16|          23|           1|
    |notrhs20_fu_1142_p2                |      icmp|   0|  0|  16|          23|           1|
    |notrhs22_fu_1202_p2                |      icmp|   0|  0|  16|          23|           1|
    |notrhs24_fu_1262_p2                |      icmp|   0|  0|  16|          23|           1|
    |notrhs_fu_831_p2                   |      icmp|   0|  0|  16|          23|           1|
    |ap_block_state121_on_subcall_done  |        or|   0|  0|   2|           1|           1|
    |ap_block_state159_on_subcall_done  |        or|   0|  0|   2|           1|           1|
    |ap_block_state18_on_subcall_done   |        or|   0|  0|   2|           1|           1|
    |ap_block_state197_on_subcall_done  |        or|   0|  0|   2|           1|           1|
    |ap_block_state241_on_subcall_done  |        or|   0|  0|   2|           1|           1|
    |ap_block_state277_on_subcall_done  |        or|   0|  0|   2|           1|           1|
    |ap_block_state28_on_subcall_done   |        or|   0|  0|   2|           1|           1|
    |ap_block_state2_on_subcall_done    |        or|   0|  0|   2|           1|           1|
    |ap_block_state313_on_subcall_done  |        or|   0|  0|   2|           1|           1|
    |ap_block_state349_on_subcall_done  |        or|   0|  0|   2|           1|           1|
    |ap_block_state72_on_subcall_done   |        or|   0|  0|   2|           1|           1|
    |empty_47_fu_837_p2                 |        or|   0|  0|   2|           1|           1|
    |empty_52_fu_937_p2                 |        or|   0|  0|   2|           1|           1|
    |empty_58_fu_1027_p2                |        or|   0|  0|   2|           1|           1|
    |empty_62_fu_1088_p2                |        or|   0|  0|   2|           1|           1|
    |empty_66_fu_1148_p2                |        or|   0|  0|   2|           1|           1|
    |empty_70_fu_1208_p2                |        or|   0|  0|   2|           1|           1|
    |empty_74_fu_1268_p2                |        or|   0|  0|   2|           1|           1|
    |val_1062_fu_1217_p3                |    select|   0|  0|  32|           1|           1|
    |val_1064_fu_1223_p3                |    select|   0|  0|  32|           1|          32|
    |val_1130_fu_1277_p3                |    select|   0|  0|  32|           1|           1|
    |val_1132_fu_1283_p3                |    select|   0|  0|  32|           1|          32|
    |val_634_fu_846_p3                  |    select|   0|  0|  32|           1|           1|
    |val_636_fu_853_p3                  |    select|   0|  0|  32|           1|          32|
    |val_743_fu_946_p3                  |    select|   0|  0|  32|           1|           1|
    |val_745_fu_953_p3                  |    select|   0|  0|  32|           1|          32|
    |val_852_fu_1036_p3                 |    select|   0|  0|  32|           1|           1|
    |val_854_fu_1043_p3                 |    select|   0|  0|  32|           1|          32|
    |val_926_fu_1097_p3                 |    select|   0|  0|  32|           1|           1|
    |val_928_fu_1103_p3                 |    select|   0|  0|  32|           1|          32|
    |val_994_fu_1157_p3                 |    select|   0|  0|  32|           1|           1|
    |val_996_fu_1163_p3                 |    select|   0|  0|  32|           1|          32|
    +-----------------------------------+----------+----+---+----+------------+------------+
    |Total                              |          |   0|  0| 765|         306|         304|
    +-----------------------------------+----------+----+---+----+------------+------------+

    * Multiplexer: 
    +--------------------------+------+-----------+-----+-----------+
    |           Name           |  LUT | Input Size| Bits| Total Bits|
    +--------------------------+------+-----------+-----+-----------+
    |ap_NS_fsm                 |  1850|        350|    1|        350|
    |arg_10                    |    14|          3|   32|         96|
    |arg_10_ap_vld             |    14|          3|    1|          3|
    |arg_13                    |    14|          3|   32|         96|
    |arg_13_ap_vld             |    14|          3|    1|          3|
    |arg_16                    |    14|          3|   32|         96|
    |arg_16_ap_vld             |    14|          3|    1|          3|
    |arg_18                    |    14|          3|   32|         96|
    |arg_18_ap_vld             |    14|          3|    1|          3|
    |arg_20                    |    14|          3|   32|         96|
    |arg_20_ap_vld             |    14|          3|    1|          3|
    |arg_23                    |    14|          3|   32|         96|
    |arg_23_ap_vld             |    14|          3|    1|          3|
    |arg_26                    |    14|          3|   32|         96|
    |arg_26_ap_vld             |    14|          3|    1|          3|
    |arg_29                    |    14|          3|   32|         96|
    |arg_29_ap_vld             |    14|          3|    1|          3|
    |arg_3                     |    14|          3|   32|         96|
    |arg_32                    |    14|          3|   32|         96|
    |arg_32_ap_vld             |    14|          3|    1|          3|
    |arg_3_ap_vld              |    14|          3|    1|          3|
    |arg_4                     |    14|          3|   32|         96|
    |arg_4_ap_vld              |    14|          3|    1|          3|
    |arg_5                     |    14|          3|   32|         96|
    |arg_5_ap_vld              |    14|          3|    1|          3|
    |arg_6                     |    14|          3|   32|         96|
    |arg_6_ap_vld              |    14|          3|    1|          3|
    |empty_42_fu_278           |     9|          2|   32|         64|
    |empty_50_fu_286           |     9|          2|   32|         64|
    |empty_fu_218              |     9|          2|   32|         64|
    |grp_fu_622_ce             |    65|         12|    1|         12|
    |grp_fu_622_p0             |    93|         20|   32|        640|
    |grp_fu_622_p1             |    93|         20|   32|        640|
    |grp_fu_626_p0             |    65|         13|   32|        416|
    |grp_fu_626_p1             |    26|          5|   32|        160|
    |grp_fu_646_p0             |    43|          8|   32|        256|
    |indvar_flatten424_fu_282  |     9|          2|   11|         22|
    |indvar_flatten509_fu_290  |     9|          2|    8|         16|
    |val_412103_fu_214         |     9|          2|    6|         12|
    +--------------------------+------+-----------+-----+-----------+
    |Total                     |  2653|        518|  712|       4003|
    +--------------------------+------+-----------+-----+-----------+

    * Register: 
    +---------------------------------------------+-----+----+-----+-----------+
    |                     Name                    |  FF | LUT| Bits| Const Bits|
    +---------------------------------------------+-----+----+-----+-----------+
    |ap_CS_fsm                                    |  349|   0|  349|          0|
    |empty_39_reg_1407                            |   32|   0|   32|          0|
    |empty_42_fu_278                              |   32|   0|   32|          0|
    |empty_43_reg_1449                            |   32|   0|   32|          0|
    |empty_44_reg_1454                            |   32|   0|   32|          0|
    |empty_45_reg_1462                            |   32|   0|   32|          0|
    |empty_48_reg_1482                            |    1|   0|    1|          0|
    |empty_49_reg_1498                            |   32|   0|   32|          0|
    |empty_50_fu_286                              |   32|   0|   32|          0|
    |empty_53_reg_1540                            |    1|   0|    1|          0|
    |empty_54_reg_1556                            |   32|   0|   32|          0|
    |empty_59_reg_1584                            |    1|   0|    1|          0|
    |empty_60_reg_1600                            |   32|   0|   32|          0|
    |empty_63_reg_1623                            |    1|   0|    1|          0|
    |empty_64_reg_1639                            |   32|   0|   32|          0|
    |empty_67_reg_1662                            |    1|   0|    1|          0|
    |empty_68_reg_1678                            |   32|   0|   32|          0|
    |empty_71_reg_1701                            |    1|   0|    1|          0|
    |empty_72_reg_1717                            |   32|   0|   32|          0|
    |empty_75_reg_1740                            |    1|   0|    1|          0|
    |empty_76_reg_1756                            |   32|   0|   32|          0|
    |empty_fu_218                                 |   32|   0|   32|          0|
    |grp_forward_Pipeline_10_fu_390_ap_start_reg  |    1|   0|    1|          0|
    |grp_forward_Pipeline_11_fu_399_ap_start_reg  |    1|   0|    1|          0|
    |grp_forward_Pipeline_12_fu_345_ap_start_reg  |    1|   0|    1|          0|
    |grp_forward_Pipeline_13_fu_406_ap_start_reg  |    1|   0|    1|          0|
    |grp_forward_Pipeline_14_fu_413_ap_start_reg  |    1|   0|    1|          0|
    |grp_forward_Pipeline_15_fu_420_ap_start_reg  |    1|   0|    1|          0|
    |grp_forward_Pipeline_16_fu_427_ap_start_reg  |    1|   0|    1|          0|
    |grp_forward_Pipeline_17_fu_439_ap_start_reg  |    1|   0|    1|          0|
    |grp_forward_Pipeline_18_fu_447_ap_start_reg  |    1|   0|    1|          0|
    |grp_forward_Pipeline_19_fu_454_ap_start_reg  |    1|   0|    1|          0|
    |grp_forward_Pipeline_1_fu_321_ap_start_reg   |    1|   0|    1|          0|
    |grp_forward_Pipeline_20_fu_433_ap_start_reg  |    1|   0|    1|          0|
    |grp_forward_Pipeline_21_fu_461_ap_start_reg  |    1|   0|    1|          0|
    |grp_forward_Pipeline_22_fu_468_ap_start_reg  |    1|   0|    1|          0|
    |grp_forward_Pipeline_23_fu_475_ap_start_reg  |    1|   0|    1|          0|
    |grp_forward_Pipeline_24_fu_481_ap_start_reg  |    1|   0|    1|          0|
    |grp_forward_Pipeline_25_fu_488_ap_start_reg  |    1|   0|    1|          0|
    |grp_forward_Pipeline_26_fu_495_ap_start_reg  |    1|   0|    1|          0|
    |grp_forward_Pipeline_27_fu_501_ap_start_reg  |    1|   0|    1|          0|
    |grp_forward_Pipeline_28_fu_555_ap_start_reg  |    1|   0|    1|          0|
    |grp_forward_Pipeline_29_fu_563_ap_start_reg  |    1|   0|    1|          0|
    |grp_forward_Pipeline_2_fu_351_ap_start_reg   |    1|   0|    1|          0|
    |grp_forward_Pipeline_30_fu_507_ap_start_reg  |    1|   0|    1|          0|
    |grp_forward_Pipeline_31_fu_513_ap_start_reg  |    1|   0|    1|          0|
    |grp_forward_Pipeline_32_fu_570_ap_start_reg  |    1|   0|    1|          0|
    |grp_forward_Pipeline_33_fu_578_ap_start_reg  |    1|   0|    1|          0|
    |grp_forward_Pipeline_34_fu_519_ap_start_reg  |    1|   0|    1|          0|
    |grp_forward_Pipeline_35_fu_525_ap_start_reg  |    1|   0|    1|          0|
    |grp_forward_Pipeline_36_fu_585_ap_start_reg  |    1|   0|    1|          0|
    |grp_forward_Pipeline_37_fu_593_ap_start_reg  |    1|   0|    1|          0|
    |grp_forward_Pipeline_38_fu_531_ap_start_reg  |    1|   0|    1|          0|
    |grp_forward_Pipeline_39_fu_537_ap_start_reg  |    1|   0|    1|          0|
    |grp_forward_Pipeline_3_fu_327_ap_start_reg   |    1|   0|    1|          0|
    |grp_forward_Pipeline_40_fu_600_ap_start_reg  |    1|   0|    1|          0|
    |grp_forward_Pipeline_41_fu_608_ap_start_reg  |    1|   0|    1|          0|
    |grp_forward_Pipeline_42_fu_543_ap_start_reg  |    1|   0|    1|          0|
    |grp_forward_Pipeline_43_fu_549_ap_start_reg  |    1|   0|    1|          0|
    |grp_forward_Pipeline_44_fu_615_ap_start_reg  |    1|   0|    1|          0|
    |grp_forward_Pipeline_4_fu_359_ap_start_reg   |    1|   0|    1|          0|
    |grp_forward_Pipeline_5_fu_333_ap_start_reg   |    1|   0|    1|          0|
    |grp_forward_Pipeline_6_fu_367_ap_start_reg   |    1|   0|    1|          0|
    |grp_forward_Pipeline_7_fu_339_ap_start_reg   |    1|   0|    1|          0|
    |grp_forward_Pipeline_8_fu_375_ap_start_reg   |    1|   0|    1|          0|
    |grp_forward_Pipeline_9_fu_383_ap_start_reg   |    1|   0|    1|          0|
    |indvar_flatten424_fu_282                     |   11|   0|   11|          0|
    |indvar_flatten509_fu_290                     |    8|   0|    8|          0|
    |indvar_flatten_next425_reg_1506              |   11|   0|   11|          0|
    |indvar_flatten_next510_reg_1564              |    8|   0|    8|          0|
    |notlhs13_reg_1525                            |    1|   0|    1|          0|
    |notlhs15_reg_1569                            |    1|   0|    1|          0|
    |notlhs17_reg_1608                            |    1|   0|    1|          0|
    |notlhs19_reg_1647                            |    1|   0|    1|          0|
    |notlhs21_reg_1686                            |    1|   0|    1|          0|
    |notlhs23_reg_1725                            |    1|   0|    1|          0|
    |notlhs_reg_1467                              |    1|   0|    1|          0|
    |notrhs14_reg_1530                            |    1|   0|    1|          0|
    |notrhs16_reg_1574                            |    1|   0|    1|          0|
    |notrhs18_reg_1613                            |    1|   0|    1|          0|
    |notrhs20_reg_1652                            |    1|   0|    1|          0|
    |notrhs22_reg_1691                            |    1|   0|    1|          0|
    |notrhs24_reg_1730                            |    1|   0|    1|          0|
    |notrhs_reg_1472                              |    1|   0|    1|          0|
    |p_loc590_fu_270                              |   32|   0|   32|          0|
    |p_loc594_fu_266                              |   32|   0|   32|          0|
    |p_loc598_fu_262                              |   32|   0|   32|          0|
    |p_loc609_fu_246                              |   32|   0|   32|          0|
    |p_loc626_fu_230                              |   32|   0|   32|          0|
    |p_loc632_fu_226                              |   32|   0|   32|          0|
    |reg_666                                      |   32|   0|   32|          0|
    |reg_684                                      |   32|   0|   32|          0|
    |reg_690                                      |   32|   0|   32|          0|
    |reg_696                                      |   32|   0|   32|          0|
    |reg_703                                      |   32|   0|   32|          0|
    |tmp_11_reg_1696                              |    1|   0|    1|          0|
    |tmp_13_reg_1735                              |    1|   0|    1|          0|
    |tmp_2_reg_1477                               |    1|   0|    1|          0|
    |tmp_4_reg_1535                               |    1|   0|    1|          0|
    |tmp_6_reg_1579                               |    1|   0|    1|          0|
    |tmp_8_reg_1618                               |    1|   0|    1|          0|
    |tmp_s_reg_1657                               |    1|   0|    1|          0|
    |val_1062_reg_1707                            |   32|   0|   32|          0|
    |val_1064_reg_1712                            |   32|   0|   32|          0|
    |val_1130_reg_1746                            |   32|   0|   32|          0|
    |val_1132_reg_1751                            |   32|   0|   32|          0|
    |val_412103_fu_214                            |    6|   0|    6|          0|
    |val_436_reg_1424                             |    6|   0|    6|          0|
    |val_634_reg_1488                             |   32|   0|   32|          0|
    |val_636_reg_1493                             |   32|   0|   32|          0|
    |val_743_reg_1546                             |   32|   0|   32|          0|
    |val_745_reg_1551                             |   32|   0|   32|          0|
    |val_7_reg_1443                               |   32|   0|   32|          0|
    |val_852_reg_1590                             |   32|   0|   32|          0|
    |val_854_reg_1595                             |   32|   0|   32|          0|
    |val_926_reg_1629                             |   32|   0|   32|          0|
    |val_928_reg_1634                             |   32|   0|   32|          0|
    |val_994_reg_1668                             |   32|   0|   32|          0|
    |val_996_reg_1673                             |   32|   0|   32|          0|
    +---------------------------------------------+-----+----+-----+-----------+
    |Total                                        | 1751|   0| 1751|          0|
    +---------------------------------------------+-----+----+-----+-----------+



================================================================
== Interface
================================================================
* Summary: 
+-------------------+-----+-----+------------+--------------+--------------+
|     RTL Ports     | Dir | Bits|  Protocol  | Source Object|    C Type    |
+-------------------+-----+-----+------------+--------------+--------------+
|ap_local_block     |  out|    1|  ap_ctrl_hs|       forward|  return value|
|ap_local_deadlock  |  out|    1|  ap_ctrl_hs|       forward|  return value|
|ap_clk             |   in|    1|  ap_ctrl_hs|       forward|  return value|
|ap_rst             |   in|    1|  ap_ctrl_hs|       forward|  return value|
|ap_start           |   in|    1|  ap_ctrl_hs|       forward|  return value|
|ap_done            |  out|    1|  ap_ctrl_hs|       forward|  return value|
|ap_idle            |  out|    1|  ap_ctrl_hs|       forward|  return value|
|ap_ready           |  out|    1|  ap_ctrl_hs|       forward|  return value|
|arg_2              |   in|   32|     ap_none|         arg_2|       pointer|
|arg_3              |  out|   32|      ap_vld|         arg_3|       pointer|
|arg_3_ap_vld       |  out|    1|      ap_vld|         arg_3|       pointer|
|arg_4              |  out|   32|      ap_vld|         arg_4|       pointer|
|arg_4_ap_vld       |  out|    1|      ap_vld|         arg_4|       pointer|
|arg_5              |  out|   32|      ap_vld|         arg_5|       pointer|
|arg_5_ap_vld       |  out|    1|      ap_vld|         arg_5|       pointer|
|arg_6              |  out|   32|      ap_vld|         arg_6|       pointer|
|arg_6_ap_vld       |  out|    1|      ap_vld|         arg_6|       pointer|
|arg_7              |  out|   32|      ap_vld|         arg_7|       pointer|
|arg_7_ap_vld       |  out|    1|      ap_vld|         arg_7|       pointer|
|arg_8              |  out|   32|      ap_vld|         arg_8|       pointer|
|arg_8_ap_vld       |  out|    1|      ap_vld|         arg_8|       pointer|
|arg_9              |  out|   32|      ap_vld|         arg_9|       pointer|
|arg_9_ap_vld       |  out|    1|      ap_vld|         arg_9|       pointer|
|arg_10             |  out|   32|      ap_vld|        arg_10|       pointer|
|arg_10_ap_vld      |  out|    1|      ap_vld|        arg_10|       pointer|
|arg_11             |  out|   32|      ap_vld|        arg_11|       pointer|
|arg_11_ap_vld      |  out|    1|      ap_vld|        arg_11|       pointer|
|arg_12             |  out|   32|      ap_vld|        arg_12|       pointer|
|arg_12_ap_vld      |  out|    1|      ap_vld|        arg_12|       pointer|
|arg_13             |  out|   32|      ap_vld|        arg_13|       pointer|
|arg_13_ap_vld      |  out|    1|      ap_vld|        arg_13|       pointer|
|arg_14             |  out|   32|      ap_vld|        arg_14|       pointer|
|arg_14_ap_vld      |  out|    1|      ap_vld|        arg_14|       pointer|
|arg_15             |  out|   32|      ap_vld|        arg_15|       pointer|
|arg_15_ap_vld      |  out|    1|      ap_vld|        arg_15|       pointer|
|arg_16             |  out|   32|      ap_vld|        arg_16|       pointer|
|arg_16_ap_vld      |  out|    1|      ap_vld|        arg_16|       pointer|
|arg_17             |  out|   32|      ap_vld|        arg_17|       pointer|
|arg_17_ap_vld      |  out|    1|      ap_vld|        arg_17|       pointer|
|arg_18             |  out|   32|      ap_vld|        arg_18|       pointer|
|arg_18_ap_vld      |  out|    1|      ap_vld|        arg_18|       pointer|
|arg_19             |  out|   32|      ap_vld|        arg_19|       pointer|
|arg_19_ap_vld      |  out|    1|      ap_vld|        arg_19|       pointer|
|arg_20             |  out|   32|      ap_vld|        arg_20|       pointer|
|arg_20_ap_vld      |  out|    1|      ap_vld|        arg_20|       pointer|
|arg_21             |  out|   32|      ap_vld|        arg_21|       pointer|
|arg_21_ap_vld      |  out|    1|      ap_vld|        arg_21|       pointer|
|arg_22             |  out|   32|      ap_vld|        arg_22|       pointer|
|arg_22_ap_vld      |  out|    1|      ap_vld|        arg_22|       pointer|
|arg_23             |  out|   32|      ap_vld|        arg_23|       pointer|
|arg_23_ap_vld      |  out|    1|      ap_vld|        arg_23|       pointer|
|arg_24             |  out|   32|      ap_vld|        arg_24|       pointer|
|arg_24_ap_vld      |  out|    1|      ap_vld|        arg_24|       pointer|
|arg_25             |  out|   32|      ap_vld|        arg_25|       pointer|
|arg_25_ap_vld      |  out|    1|      ap_vld|        arg_25|       pointer|
|arg_26             |  out|   32|      ap_vld|        arg_26|       pointer|
|arg_26_ap_vld      |  out|    1|      ap_vld|        arg_26|       pointer|
|arg_27             |  out|   32|      ap_vld|        arg_27|       pointer|
|arg_27_ap_vld      |  out|    1|      ap_vld|        arg_27|       pointer|
|arg_28             |  out|   32|      ap_vld|        arg_28|       pointer|
|arg_28_ap_vld      |  out|    1|      ap_vld|        arg_28|       pointer|
|arg_29             |  out|   32|      ap_vld|        arg_29|       pointer|
|arg_29_ap_vld      |  out|    1|      ap_vld|        arg_29|       pointer|
|arg_30             |  out|   32|      ap_vld|        arg_30|       pointer|
|arg_30_ap_vld      |  out|    1|      ap_vld|        arg_30|       pointer|
|arg_31             |  out|   32|      ap_vld|        arg_31|       pointer|
|arg_31_ap_vld      |  out|    1|      ap_vld|        arg_31|       pointer|
|arg_32             |  out|   32|      ap_vld|        arg_32|       pointer|
|arg_32_ap_vld      |  out|    1|      ap_vld|        arg_32|       pointer|
|arg_33             |  out|   32|      ap_vld|        arg_33|       pointer|
|arg_33_ap_vld      |  out|    1|      ap_vld|        arg_33|       pointer|
+-------------------+-----+-----+------------+--------------+--------------+

